
SimStudio Anomaly Model — Feature Extraction
Maps root : /Users/noasapir/final proj/maps/tiles_north_tlv_south
Tiles     : 18 tile(s) requested
Scenarios : 216 with completed exports found

  001/normal_fast_legal                         … OK  (11 track(s))
  001/normal_heavy_traffic                      … OK  (17 track(s))
  001/normal_heavy_traffic_sparse               … OK  (11 track(s))
  001/normal_heavy_vehicles                     … OK  (5 track(s))
  001/normal_heavy_vehicles_das_only            … OK  (3 track(s))
  001/normal_light_traffic                      … OK  (2 track(s))
  001/normal_medium_das_cam_only                … OK  (6 track(s))
  001/normal_medium_das_only                    … OK  (11 track(s))
  001/normal_medium_minimal                     … OK  (12 track(s))
  001/normal_medium_sparse                      … OK  (11 track(s))
  001/normal_medium_traffic                     … OK  (11 track(s))
  001/normal_stop_and_go                        … OK  (9 track(s))
  002/normal_fast_legal                         … OK  (5 track(s))
  002/normal_heavy_traffic                      … OK  (15 track(s))
  002/normal_heavy_traffic_sparse               … OK  (16 track(s))
  002/normal_heavy_vehicles                     … OK  (6 track(s))
  002/normal_heavy_vehicles_das_only            … OK  (3 track(s))
  002/normal_light_traffic                      … OK  (5 track(s))
  002/normal_medium_das_cam_only                … OK  (8 track(s))
  002/normal_medium_das_only                    … OK  (11 track(s))
  002/normal_medium_minimal                     … OK  (11 track(s))
  002/normal_medium_sparse                      … OK  (7 track(s))
  002/normal_medium_traffic                     … OK  (8 track(s))
  002/normal_stop_and_go                        … OK  (11 track(s))
  003/normal_fast_legal                         … OK  (5 track(s))
  003/normal_heavy_traffic                      … OK  (14 track(s))
  003/normal_heavy_traffic_sparse               … OK  (11 track(s))
  003/normal_heavy_vehicles                     … OK  (6 track(s))
  003/normal_heavy_vehicles_das_only            … OK  (4 track(s))
  003/normal_light_traffic                      … OK  (5 track(s))
  003/normal_medium_das_cam_only                … OK  (10 track(s))
  003/normal_medium_das_only                    … OK  (10 track(s))
  003/normal_medium_minimal                     … OK  (8 track(s))
  003/normal_medium_sparse                      … OK  (7 track(s))
  003/normal_medium_traffic                     … OK  (12 track(s))
  003/normal_stop_and_go                        … OK  (5 track(s))
  004/normal_fast_legal                         … OK  (8 track(s))
  004/normal_heavy_traffic                      … OK  (14 track(s))
  004/normal_heavy_traffic_sparse               … OK  (13 track(s))
  004/normal_heavy_vehicles                     … OK  (3 track(s))
  004/normal_heavy_vehicles_das_only            … OK  (3 track(s))
  004/normal_light_traffic                      … OK  (5 track(s))
  004/normal_medium_das_cam_only                … OK  (8 track(s))
  004/normal_medium_das_only                    … OK  (10 track(s))
  004/normal_medium_minimal                     … OK  (6 track(s))
  004/normal_medium_sparse                      … OK  (8 track(s))
  004/normal_medium_traffic                     … OK  (7 track(s))
  004/normal_stop_and_go                        … OK  (10 track(s))
  005/normal_fast_legal                         … OK  (6 track(s))
  005/normal_heavy_traffic                      … OK  (18 track(s))
  005/normal_heavy_traffic_sparse               … OK  (13 track(s))
  005/normal_heavy_vehicles                     … OK  (3 track(s))
  005/normal_heavy_vehicles_das_only            … OK  (5 track(s))
  005/normal_light_traffic                      … OK  (2 track(s))
  005/normal_medium_das_cam_only                … OK  (7 track(s))
  005/normal_medium_das_only                    … OK  (6 track(s))
  005/normal_medium_minimal                     … OK  (3 track(s))
  005/normal_medium_sparse                      … OK  (8 track(s))
  005/normal_medium_traffic                     … OK  (8 track(s))
  005/normal_stop_and_go                        … OK  (12 track(s))
  006/normal_fast_legal                         … OK  (6 track(s))
  006/normal_heavy_traffic                      … OK  (13 track(s))
  006/normal_heavy_traffic_sparse               … OK  (13 track(s))
  006/normal_heavy_vehicles                     … OK  (5 track(s))
  006/normal_heavy_vehicles_das_only            … OK  (4 track(s))
  006/normal_light_traffic                      … OK  (3 track(s))
  006/normal_medium_das_cam_only                … OK  (12 track(s))
  006/normal_medium_das_only                    … OK  (12 track(s))
  006/normal_medium_minimal                     … OK  (8 track(s))
  006/normal_medium_sparse                      … OK  (10 track(s))
  006/normal_medium_traffic                     … OK  (8 track(s))
  006/normal_stop_and_go                        … OK  (8 track(s))
  007/normal_fast_legal                         … OK  (9 track(s))
  007/normal_heavy_traffic                      … OK  (15 track(s))
  007/normal_heavy_traffic_sparse               … OK  (18 track(s))
  007/normal_heavy_vehicles                     … OK  (4 track(s))
  007/normal_heavy_vehicles_das_only            … OK  (3 track(s))
  007/normal_light_traffic                      … OK  (3 track(s))
  007/normal_medium_das_cam_only                … OK  (7 track(s))
  007/normal_medium_das_only                    … OK  (11 track(s))
  007/normal_medium_minimal                     … OK  (9 track(s))
  007/normal_medium_sparse                      … OK  (7 track(s))
  007/normal_medium_traffic                     … OK  (8 track(s))
  007/normal_stop_and_go                        … OK  (11 track(s))
  008/normal_fast_legal                         … OK  (7 track(s))
  008/normal_heavy_traffic                      … OK  (16 track(s))
  008/normal_heavy_traffic_sparse               … OK  (14 track(s))
  008/normal_heavy_vehicles                     … OK  (3 track(s))
  008/normal_heavy_vehicles_das_only            … OK  (4 track(s))
  008/normal_light_traffic                      … OK  (3 track(s))
  008/normal_medium_das_cam_only                … OK  (10 track(s))
  008/normal_medium_das_only                    … OK  (8 track(s))
  008/normal_medium_minimal                     … OK  (5 track(s))
  008/normal_medium_sparse                      … OK  (9 track(s))
  008/normal_medium_traffic                     … OK  (6 track(s))
  008/normal_stop_and_go                        … OK  (10 track(s))
  009/normal_fast_legal                         … OK  (9 track(s))
  009/normal_heavy_traffic                      … OK  (14 track(s))
  009/normal_heavy_traffic_sparse               … OK  (15 track(s))
  009/normal_heavy_vehicles                     … OK  (3 track(s))
  009/normal_heavy_vehicles_das_only            … OK  (4 track(s))
  009/normal_light_traffic                      … OK  (4 track(s))
  009/normal_medium_das_cam_only                … OK  (11 track(s))
  009/normal_medium_das_only                    … OK  (10 track(s))
  009/normal_medium_minimal                     … OK  (6 track(s))
  009/normal_medium_sparse                      … OK  (6 track(s))
  009/normal_medium_traffic                     … OK  (6 track(s))
  009/normal_stop_and_go                        … OK  (9 track(s))
  010/normal_fast_legal                         … OK  (10 track(s))
  010/normal_heavy_traffic                      … OK  (17 track(s))
  010/normal_heavy_traffic_sparse               … OK  (13 track(s))
  010/normal_heavy_vehicles                     … OK  (4 track(s))
  010/normal_heavy_vehicles_das_only            … OK  (4 track(s))
  010/normal_light_traffic                      … OK  (2 track(s))
  010/normal_medium_das_cam_only                … OK  (12 track(s))
  010/normal_medium_das_only                    … OK  (11 track(s))
  010/normal_medium_minimal                     … OK  (9 track(s))
  010/normal_medium_sparse                      … OK  (6 track(s))
  010/normal_medium_traffic                     … OK  (8 track(s))
  010/normal_stop_and_go                        … OK  (6 track(s))
  011/normal_fast_legal                         … OK  (7 track(s))
  011/normal_heavy_traffic                      … OK  (13 track(s))
  011/normal_heavy_traffic_sparse               … OK  (14 track(s))
  011/normal_heavy_vehicles                     … OK  (4 track(s))
  011/normal_heavy_vehicles_das_only            … OK  (4 track(s))
  011/normal_light_traffic                      … OK  (4 track(s))
  011/normal_medium_das_cam_only                … OK  (9 track(s))
  011/normal_medium_das_only                    … OK  (8 track(s))
  011/normal_medium_minimal                     … OK  (7 track(s))
  011/normal_medium_sparse                      … OK  (12 track(s))
  011/normal_medium_traffic                     … OK  (6 track(s))
  011/normal_stop_and_go                        … OK  (10 track(s))
  012/normal_fast_legal                         … OK  (5 track(s))
  012/normal_heavy_traffic                      … OK  (17 track(s))
  012/normal_heavy_traffic_sparse               … OK  (12 track(s))
  012/normal_heavy_vehicles                     … OK  (6 track(s))
  012/normal_heavy_vehicles_das_only            … OK  (4 track(s))
  012/normal_light_traffic                      … OK  (3 track(s))
  012/normal_medium_das_cam_only                … OK  (10 track(s))
  012/normal_medium_das_only                    … OK  (6 track(s))
  012/normal_medium_minimal                     … OK  (7 track(s))
  012/normal_medium_sparse                      … OK  (8 track(s))
  012/normal_medium_traffic                     … OK  (10 track(s))
  012/normal_stop_and_go                        … OK  (6 track(s))
  013/normal_fast_legal                         … OK  (6 track(s))
  013/normal_heavy_traffic                      … OK  (16 track(s))
  013/normal_heavy_traffic_sparse               … OK  (16 track(s))
  013/normal_heavy_vehicles                     … OK  (6 track(s))
  013/normal_heavy_vehicles_das_only            … OK  (4 track(s))
  013/normal_light_traffic                      … OK  (5 track(s))
  013/normal_medium_das_cam_only                … OK  (10 track(s))
  013/normal_medium_das_only                    … OK  (9 track(s))
  013/normal_medium_minimal                     … OK  (5 track(s))
  013/normal_medium_sparse                      … OK  (10 track(s))
  013/normal_medium_traffic                     … OK  (7 track(s))
  013/normal_stop_and_go                        … OK  (10 track(s))
  014/normal_fast_legal                         … OK  (6 track(s))
  014/normal_heavy_traffic                      … OK  (18 track(s))
  014/normal_heavy_traffic_sparse               … OK  (15 track(s))
  014/normal_heavy_vehicles                     … OK  (4 track(s))
  014/normal_heavy_vehicles_das_only            … OK  (5 track(s))
  014/normal_light_traffic                      … OK  (2 track(s))
  014/normal_medium_das_cam_only                … OK  (10 track(s))
  014/normal_medium_das_only                    … OK  (10 track(s))
  014/normal_medium_minimal                     … OK  (8 track(s))
  014/normal_medium_sparse                      … OK  (10 track(s))
  014/normal_medium_traffic                     … OK  (9 track(s))
  014/normal_stop_and_go                        … OK  (6 track(s))
  015/normal_fast_legal                         … OK  (9 track(s))
  015/normal_heavy_traffic                      … OK  (16 track(s))
  015/normal_heavy_traffic_sparse               … OK  (13 track(s))
  015/normal_heavy_vehicles                     … OK  (5 track(s))
  015/normal_heavy_vehicles_das_only            … OK  (6 track(s))
  015/normal_light_traffic                      … OK  (4 track(s))
  015/normal_medium_das_cam_only                … OK  (10 track(s))
  015/normal_medium_das_only                    … OK  (6 track(s))
  015/normal_medium_minimal                     … OK  (5 track(s))
  015/normal_medium_sparse                      … OK  (11 track(s))
  015/normal_medium_traffic                     … OK  (7 track(s))
  015/normal_stop_and_go                        … OK  (12 track(s))
  016/normal_fast_legal                         … OK  (8 track(s))
  016/normal_heavy_traffic                      … OK  (14 track(s))
  016/normal_heavy_traffic_sparse               … OK  (14 track(s))
  016/normal_heavy_vehicles                     … OK  (5 track(s))
  016/normal_heavy_vehicles_das_only            … OK  (4 track(s))
  016/normal_light_traffic                      … OK  (2 track(s))
  016/normal_medium_das_cam_only                … OK  (10 track(s))
  016/normal_medium_das_only                    … OK  (6 track(s))
  016/normal_medium_minimal                     … OK  (5 track(s))
  016/normal_medium_sparse                      … OK  (10 track(s))
  016/normal_medium_traffic                     … OK  (11 track(s))
  016/normal_stop_and_go                        … OK  (11 track(s))
  017/normal_fast_legal                         … OK  (5 track(s))
  017/normal_heavy_traffic                      … OK  (15 track(s))
  017/normal_heavy_traffic_sparse               … OK  (15 track(s))
  017/normal_heavy_vehicles                     … OK  (4 track(s))
  017/normal_heavy_vehicles_das_only            … OK  (3 track(s))
  017/normal_light_traffic                      … OK  (3 track(s))
  017/normal_medium_das_cam_only                … OK  (9 track(s))
  017/normal_medium_das_only                    … OK  (10 track(s))
  017/normal_medium_minimal                     … OK  (6 track(s))
  017/normal_medium_sparse                      … OK  (8 track(s))
  017/normal_medium_traffic                     … OK  (8 track(s))
  017/normal_stop_and_go                        … OK  (12 track(s))
  018/normal_fast_legal                         … OK  (5 track(s))
  018/normal_heavy_traffic                      … OK  (17 track(s))
  018/normal_heavy_traffic_sparse               … OK  (17 track(s))
  018/normal_heavy_vehicles                     … OK  (6 track(s))
  018/normal_heavy_vehicles_das_only            … OK  (5 track(s))
  018/normal_light_traffic                      … OK  (3 track(s))
  018/normal_medium_das_cam_only                … OK  (6 track(s))
  018/normal_medium_das_only                    … OK  (12 track(s))
  018/normal_medium_minimal                     … OK  (7 track(s))
  018/normal_medium_sparse                      … OK  (10 track(s))
  018/normal_medium_traffic                     … OK  (9 track(s))
  018/normal_stop_and_go                        … OK  (11 track(s))

============================================================
Extraction complete:  216/216 succeeded,  0 failed  (0 skipped / already done)
Wall time: 1857.4 s

Output    : /Users/noasapir/final proj/anomaly_model/outputs/features_normal_b1.csv
Rows      : 1808  (1808 normal, 0 anomaly tracks)
Features  : 170 columns (incl. identifiers + label)
============================================================


SimStudio — Feature Excel Builder
  Input  : /Users/noasapir/final proj/anomaly_model/outputs/features_normal_b1.csv
  Output : /Users/noasapir/final proj/anomaly_model/outputs/features_normal_b1.xlsx
  Reading CSV … 1808 rows × 170 columns
  Building Features sheet … done
  Building Summary sheet … done
  Building Feature Catalog sheet … done

  ✓  Saved: /Users/noasapir/final proj/anomaly_model/outputs/features_normal_b1.xlsx
     Catalog entries : 170 known + 0 unlabelled
