
SimStudio Anomaly Model — Feature Extraction
Maps root : /Users/noasapir/final proj/maps/tiles_north_tlv_south
Tiles     : 18 tile(s) requested
Scenarios : 216 with completed exports found

  019/normal_fast_legal                         … OK  (6 track(s))
  019/normal_heavy_traffic                      … OK  (15 track(s))
  019/normal_heavy_traffic_sparse               … OK  (14 track(s))
  019/normal_heavy_vehicles                     … OK  (5 track(s))
  019/normal_heavy_vehicles_das_only            … OK  (2 track(s))
  019/normal_light_traffic                      … OK  (2 track(s))
  019/normal_medium_das_cam_only                … OK  (11 track(s))
  019/normal_medium_das_only                    … OK  (8 track(s))
  019/normal_medium_minimal                     … OK  (7 track(s))
  019/normal_medium_sparse                      … OK  (12 track(s))
  019/normal_medium_traffic                     … OK  (7 track(s))
  019/normal_stop_and_go                        … OK  (12 track(s))
  020/normal_fast_legal                         … OK  (6 track(s))
  020/normal_heavy_traffic                      … OK  (16 track(s))
  020/normal_heavy_traffic_sparse               … OK  (12 track(s))
  020/normal_heavy_vehicles                     … OK  (6 track(s))
  020/normal_heavy_vehicles_das_only            … OK  (3 track(s))
  020/normal_light_traffic                      … OK  (5 track(s))
  020/normal_medium_das_cam_only                … OK  (11 track(s))
  020/normal_medium_das_only                    … OK  (10 track(s))
  020/normal_medium_minimal                     … OK  (7 track(s))
  020/normal_medium_sparse                      … OK  (12 track(s))
  020/normal_medium_traffic                     … OK  (9 track(s))
  020/normal_stop_and_go                        … OK  (10 track(s))
  021/normal_fast_legal                         … OK  (6 track(s))
  021/normal_heavy_traffic                      … OK  (18 track(s))
  021/normal_heavy_traffic_sparse               … OK  (13 track(s))
  021/normal_heavy_vehicles                     … OK  (4 track(s))
  021/normal_heavy_vehicles_das_only            … OK  (3 track(s))
  021/normal_light_traffic                      … OK  (4 track(s))
  021/normal_medium_das_cam_only                … OK  (7 track(s))
  021/normal_medium_das_only                    … OK  (7 track(s))
  021/normal_medium_minimal                     … OK  (4 track(s))
  021/normal_medium_sparse                      … OK  (9 track(s))
  021/normal_medium_traffic                     … OK  (7 track(s))
  021/normal_stop_and_go                        … OK  (10 track(s))
  022/normal_fast_legal                         … OK  (7 track(s))
  022/normal_heavy_traffic                      … OK  (14 track(s))
  022/normal_heavy_traffic_sparse               … OK  (13 track(s))
  022/normal_heavy_vehicles                     … OK  (3 track(s))
  022/normal_heavy_vehicles_das_only            … OK  (3 track(s))
  022/normal_light_traffic                      … OK  (5 track(s))
  022/normal_medium_das_cam_only                … OK  (6 track(s))
  022/normal_medium_das_only                    … OK  (7 track(s))
  022/normal_medium_minimal                     … OK  (8 track(s))
  022/normal_medium_sparse                      … OK  (11 track(s))
  022/normal_medium_traffic                     … OK  (7 track(s))
  022/normal_stop_and_go                        … OK  (10 track(s))
  023/normal_fast_legal                         … OK  (10 track(s))
  023/normal_heavy_traffic                      … OK  (17 track(s))
  023/normal_heavy_traffic_sparse               … OK  (12 track(s))
  023/normal_heavy_vehicles                     … OK  (3 track(s))
  023/normal_heavy_vehicles_das_only            … OK  (3 track(s))
  023/normal_light_traffic                      … OK  (3 track(s))
  023/normal_medium_das_cam_only                … OK  (9 track(s))
  023/normal_medium_das_only                    … OK  (6 track(s))
  023/normal_medium_minimal                     … OK  (7 track(s))
  023/normal_medium_sparse                      … OK  (9 track(s))
  023/normal_medium_traffic                     … OK  (11 track(s))
  023/normal_stop_and_go                        … OK  (9 track(s))
  024/normal_fast_legal                         … OK  (10 track(s))
  024/normal_heavy_traffic                      … OK  (10 track(s))
  024/normal_heavy_traffic_sparse               … OK  (15 track(s))
  024/normal_heavy_vehicles                     … OK  (4 track(s))
  024/normal_heavy_vehicles_das_only            … OK  (6 track(s))
  024/normal_light_traffic                      … OK  (3 track(s))
  024/normal_medium_das_cam_only                … OK  (6 track(s))
  024/normal_medium_das_only                    … OK  (10 track(s))
  024/normal_medium_minimal                     … OK  (8 track(s))
  024/normal_medium_sparse                      … OK  (9 track(s))
  024/normal_medium_traffic                     … OK  (8 track(s))
  024/normal_stop_and_go                        … OK  (12 track(s))
  025/normal_fast_legal                         … OK  (10 track(s))
  025/normal_heavy_traffic                      … OK  (16 track(s))
  025/normal_heavy_traffic_sparse               … OK  (11 track(s))
  025/normal_heavy_vehicles                     … OK  (6 track(s))
  025/normal_heavy_vehicles_das_only            … OK  (3 track(s))
  025/normal_light_traffic                      … OK  (4 track(s))
  025/normal_medium_das_cam_only                … OK  (7 track(s))
  025/normal_medium_das_only                    … OK  (10 track(s))
  025/normal_medium_minimal                     … OK  (10 track(s))
  025/normal_medium_sparse                      … OK  (7 track(s))
  025/normal_medium_traffic                     … OK  (10 track(s))
  025/normal_stop_and_go                        … OK  (12 track(s))
  026/normal_fast_legal                         … OK  (8 track(s))
  026/normal_heavy_traffic                      … OK  (18 track(s))
  026/normal_heavy_traffic_sparse               … OK  (15 track(s))
  026/normal_heavy_vehicles                     … OK  (5 track(s))
  026/normal_heavy_vehicles_das_only            … OK  (3 track(s))
  026/normal_light_traffic                      … OK  (4 track(s))
  026/normal_medium_das_cam_only                … OK  (12 track(s))
  026/normal_medium_das_only                    … OK  (6 track(s))
  026/normal_medium_minimal                     … OK  (9 track(s))
  026/normal_medium_sparse                      … OK  (11 track(s))
  026/normal_medium_traffic                     … OK  (9 track(s))
  026/normal_stop_and_go                        … OK  (11 track(s))
  027/normal_fast_legal                         … OK  (8 track(s))
  027/normal_heavy_traffic                      … OK  (16 track(s))
  027/normal_heavy_traffic_sparse               … OK  (17 track(s))
  027/normal_heavy_vehicles                     … OK  (3 track(s))
  027/normal_heavy_vehicles_das_only            … OK  (5 track(s))
  027/normal_light_traffic                      … OK  (5 track(s))
  027/normal_medium_das_cam_only                … OK  (6 track(s))
  027/normal_medium_das_only                    … OK  (11 track(s))
  027/normal_medium_minimal                     … OK  (10 track(s))
  027/normal_medium_sparse                      … OK  (12 track(s))
  027/normal_medium_traffic                     … OK  (9 track(s))
  027/normal_stop_and_go                        … OK  (12 track(s))
  028/normal_fast_legal                         … OK  (9 track(s))
  028/normal_heavy_traffic                      … OK  (13 track(s))
  028/normal_heavy_traffic_sparse               … OK  (15 track(s))
  028/normal_heavy_vehicles                     … OK  (4 track(s))
  028/normal_heavy_vehicles_das_only            … OK  (3 track(s))
  028/normal_light_traffic                      … OK  (5 track(s))
  028/normal_medium_das_cam_only                … OK  (6 track(s))
  028/normal_medium_das_only                    … OK  (12 track(s))
  028/normal_medium_minimal                     … OK  (4 track(s))
  028/normal_medium_sparse                      … OK  (8 track(s))
  028/normal_medium_traffic                     … OK  (10 track(s))
  028/normal_stop_and_go                        … OK  (6 track(s))
  029/normal_fast_legal                         … OK  (8 track(s))
  029/normal_heavy_traffic                      … OK  (15 track(s))
  029/normal_heavy_traffic_sparse               … OK  (17 track(s))
  029/normal_heavy_vehicles                     … OK  (3 track(s))
  029/normal_heavy_vehicles_das_only            … OK  (5 track(s))
  029/normal_light_traffic                      … OK  (3 track(s))
  029/normal_medium_das_cam_only                … OK  (7 track(s))
  029/normal_medium_das_only                    … OK  (9 track(s))
  029/normal_medium_minimal                     … OK  (9 track(s))
  029/normal_medium_sparse                      … OK  (6 track(s))
  029/normal_medium_traffic                     … OK  (11 track(s))
  029/normal_stop_and_go                        … OK  (5 track(s))
  030/normal_fast_legal                         … OK  (10 track(s))
  030/normal_heavy_traffic                      … OK  (17 track(s))
  030/normal_heavy_traffic_sparse               … OK  (12 track(s))
  030/normal_heavy_vehicles                     … OK  (5 track(s))
  030/normal_heavy_vehicles_das_only            … OK  (6 track(s))
  030/normal_light_traffic                      … OK  (2 track(s))
  030/normal_medium_das_cam_only                … OK  (10 track(s))
  030/normal_medium_das_only                    … OK  (10 track(s))
  030/normal_medium_minimal                     … OK  (8 track(s))
  030/normal_medium_sparse                      … OK  (11 track(s))
  030/normal_medium_traffic                     … OK  (10 track(s))
  030/normal_stop_and_go                        … OK  (10 track(s))
  031/normal_fast_legal                         … OK  (7 track(s))
  031/normal_heavy_traffic                      … OK  (14 track(s))
  031/normal_heavy_traffic_sparse               … OK  (15 track(s))
  031/normal_heavy_vehicles                     … OK  (4 track(s))
  031/normal_heavy_vehicles_das_only            … OK  (6 track(s))
  031/normal_light_traffic                      … OK  (4 track(s))
  031/normal_medium_das_cam_only                … OK  (11 track(s))
  031/normal_medium_das_only                    … OK  (12 track(s))
  031/normal_medium_minimal                     … OK  (6 track(s))
  031/normal_medium_sparse                      … OK  (11 track(s))
  031/normal_medium_traffic                     … OK  (6 track(s))
  031/normal_stop_and_go                        … OK  (11 track(s))
  032/normal_fast_legal                         … OK  (9 track(s))
  032/normal_heavy_traffic                      … OK  (9 track(s))
  032/normal_heavy_traffic_sparse               … OK  (17 track(s))
  032/normal_heavy_vehicles                     … OK  (5 track(s))
  032/normal_heavy_vehicles_das_only            … OK  (2 track(s))
  032/normal_light_traffic                      … OK  (3 track(s))
  032/normal_medium_das_cam_only                … OK  (7 track(s))
  032/normal_medium_das_only                    … OK  (7 track(s))
  032/normal_medium_minimal                     … OK  (12 track(s))
  032/normal_medium_sparse                      … OK  (9 track(s))
  032/normal_medium_traffic                     … OK  (9 track(s))
  032/normal_stop_and_go                        … OK  (10 track(s))
  033/normal_fast_legal                         … OK  (7 track(s))
  033/normal_heavy_traffic                      … OK  (14 track(s))
  033/normal_heavy_traffic_sparse               … OK  (13 track(s))
  033/normal_heavy_vehicles                     … OK  (4 track(s))
  033/normal_heavy_vehicles_das_only            … OK  (6 track(s))
  033/normal_light_traffic                      … OK  (5 track(s))
  033/normal_medium_das_cam_only                … OK  (5 track(s))
  033/normal_medium_das_only                    … OK  (9 track(s))
  033/normal_medium_minimal                     … OK  (6 track(s))
  033/normal_medium_sparse                      … OK  (9 track(s))
  033/normal_medium_traffic                     … OK  (10 track(s))
  033/normal_stop_and_go                        … OK  (9 track(s))
  034/normal_fast_legal                         … OK  (9 track(s))
  034/normal_heavy_traffic                      … OK  (17 track(s))
  034/normal_heavy_traffic_sparse               … OK  (13 track(s))
  034/normal_heavy_vehicles                     … OK  (4 track(s))
  034/normal_heavy_vehicles_das_only            … OK  (4 track(s))
  034/normal_light_traffic                      … OK  (4 track(s))
  034/normal_medium_das_cam_only                … OK  (10 track(s))
  034/normal_medium_das_only                    … OK  (7 track(s))
  034/normal_medium_minimal                     … OK  (2 track(s))
  034/normal_medium_sparse                      … OK  (11 track(s))
  034/normal_medium_traffic                     … OK  (8 track(s))
  034/normal_stop_and_go                        … OK  (9 track(s))
  035/normal_fast_legal                         … OK  (6 track(s))
  035/normal_heavy_traffic                      … OK  (15 track(s))
  035/normal_heavy_traffic_sparse               … OK  (16 track(s))
  035/normal_heavy_vehicles                     … OK  (3 track(s))
  035/normal_heavy_vehicles_das_only            … OK  (3 track(s))
  035/normal_light_traffic                      … OK  (2 track(s))
  035/normal_medium_das_cam_only                … OK  (8 track(s))
  035/normal_medium_das_only                    … OK  (9 track(s))
  035/normal_medium_minimal                     … OK  (9 track(s))
  035/normal_medium_sparse                      … OK  (8 track(s))
  035/normal_medium_traffic                     … OK  (11 track(s))
  035/normal_stop_and_go                        … OK  (10 track(s))
  036/normal_fast_legal                         … OK  (10 track(s))
  036/normal_heavy_traffic                      … OK  (18 track(s))
  036/normal_heavy_traffic_sparse               … OK  (17 track(s))
  036/normal_heavy_vehicles                     … OK  (4 track(s))
  036/normal_heavy_vehicles_das_only            … OK  (6 track(s))
  036/normal_light_traffic                      … OK  (4 track(s))
  036/normal_medium_das_cam_only                … OK  (9 track(s))
  036/normal_medium_das_only                    … OK  (6 track(s))
  036/normal_medium_minimal                     … OK  (10 track(s))
  036/normal_medium_sparse                      … OK  (11 track(s))
  036/normal_medium_traffic                     … OK  (7 track(s))
  036/normal_stop_and_go                        … OK  (11 track(s))

============================================================
Extraction complete:  216/216 succeeded,  0 failed  (0 skipped / already done)
Wall time: 1873.0 s

Output    : /Users/noasapir/final proj/anomaly_model/outputs/features_normal_b2.csv
Rows      : 1843  (1843 normal, 0 anomaly tracks)
Features  : 170 columns (incl. identifiers + label)
============================================================


SimStudio — Feature Excel Builder
  Input  : /Users/noasapir/final proj/anomaly_model/outputs/features_normal_b2.csv
  Output : /Users/noasapir/final proj/anomaly_model/outputs/features_normal_b2.xlsx
  Reading CSV … 1843 rows × 170 columns
  Building Features sheet … done
  Building Summary sheet … done
  Building Feature Catalog sheet … done

  ✓  Saved: /Users/noasapir/final proj/anomaly_model/outputs/features_normal_b2.xlsx
     Catalog entries : 170 known + 0 unlabelled
