
SimStudio Anomaly Model — Feature Extraction
Maps root : /Users/noasapir/final proj/maps/tiles_north_tlv_south
Tiles     : 19 tile(s) requested
Scenarios : 228 with completed exports found

  037/normal_fast_legal                         … OK  (5 track(s))
  037/normal_heavy_traffic                      … OK  (16 track(s))
  037/normal_heavy_traffic_sparse               … OK  (11 track(s))
  037/normal_heavy_vehicles                     … OK  (6 track(s))
  037/normal_heavy_vehicles_das_only            … OK  (4 track(s))
  037/normal_light_traffic                      … OK  (4 track(s))
  037/normal_medium_das_cam_only                … OK  (11 track(s))
  037/normal_medium_das_only                    … OK  (9 track(s))
  037/normal_medium_minimal                     … OK  (7 track(s))
  037/normal_medium_sparse                      … OK  (11 track(s))
  037/normal_medium_traffic                     … OK  (11 track(s))
  037/normal_stop_and_go                        … OK  (10 track(s))
  038/normal_fast_legal                         … OK  (9 track(s))
  038/normal_heavy_traffic                      … OK  (10 track(s))
  038/normal_heavy_traffic_sparse               … OK  (14 track(s))
  038/normal_heavy_vehicles                     … OK  (3 track(s))
  038/normal_heavy_vehicles_das_only            … OK  (3 track(s))
  038/normal_light_traffic                      … OK  (2 track(s))
  038/normal_medium_das_cam_only                … OK  (6 track(s))
  038/normal_medium_das_only                    … OK  (9 track(s))
  038/normal_medium_minimal                     … OK  (6 track(s))
  038/normal_medium_sparse                      … OK  (9 track(s))
  038/normal_medium_traffic                     … OK  (12 track(s))
  038/normal_stop_and_go                        … OK  (12 track(s))
  039/normal_fast_legal                         … OK  (7 track(s))
  039/normal_heavy_traffic                      … OK  (19 track(s))
  039/normal_heavy_traffic_sparse               … OK  (14 track(s))
  039/normal_heavy_vehicles                     … OK  (5 track(s))
  039/normal_heavy_vehicles_das_only            … OK  (5 track(s))
  039/normal_light_traffic                      … OK  (5 track(s))
  039/normal_medium_das_cam_only                … OK  (8 track(s))
  039/normal_medium_das_only                    … OK  (10 track(s))
  039/normal_medium_minimal                     … OK  (8 track(s))
  039/normal_medium_sparse                      … OK  (6 track(s))
  039/normal_medium_traffic                     … OK  (6 track(s))
  039/normal_stop_and_go                        … OK  (8 track(s))
  040/normal_fast_legal                         … OK  (7 track(s))
  040/normal_heavy_traffic                      … OK  (18 track(s))
  040/normal_heavy_traffic_sparse               … OK  (15 track(s))
  040/normal_heavy_vehicles                     … OK  (4 track(s))
  040/normal_heavy_vehicles_das_only            … OK  (4 track(s))
  040/normal_light_traffic                      … OK  (2 track(s))
  040/normal_medium_das_cam_only                … OK  (12 track(s))
  040/normal_medium_das_only                    … OK  (6 track(s))
  040/normal_medium_minimal                     … OK  (12 track(s))
  040/normal_medium_sparse                      … OK  (11 track(s))
  040/normal_medium_traffic                     … OK  (9 track(s))
  040/normal_stop_and_go                        … OK  (13 track(s))
  041/normal_fast_legal                         … OK  (7 track(s))
  041/normal_heavy_traffic                      … OK  (14 track(s))
  041/normal_heavy_traffic_sparse               … OK  (13 track(s))
  041/normal_heavy_vehicles                     … OK  (7 track(s))
  041/normal_heavy_vehicles_das_only            … OK  (4 track(s))
  041/normal_light_traffic                      … OK  (3 track(s))
  041/normal_medium_das_cam_only                … OK  (5 track(s))
  041/normal_medium_das_only                    … OK  (7 track(s))
  041/normal_medium_minimal                     … OK  (4 track(s))
  041/normal_medium_sparse                      … OK  (7 track(s))
  041/normal_medium_traffic                     … OK  (5 track(s))
  041/normal_stop_and_go                        … OK  (5 track(s))
  042/normal_fast_legal                         … OK  (9 track(s))
  042/normal_heavy_traffic                      … OK  (13 track(s))
  042/normal_heavy_traffic_sparse               … OK  (15 track(s))
  042/normal_heavy_vehicles                     … OK  (4 track(s))
  042/normal_heavy_vehicles_das_only            … OK  (3 track(s))
  042/normal_light_traffic                      … OK  (4 track(s))
  042/normal_medium_das_cam_only                … OK  (6 track(s))
  042/normal_medium_das_only                    … OK  (7 track(s))
  042/normal_medium_minimal                     … OK  (5 track(s))
  042/normal_medium_sparse                      … OK  (11 track(s))
  042/normal_medium_traffic                     … OK  (6 track(s))
  042/normal_stop_and_go                        … OK  (12 track(s))
  043/normal_fast_legal                         … OK  (4 track(s))
  043/normal_heavy_traffic                      … OK  (16 track(s))
  043/normal_heavy_traffic_sparse               … OK  (14 track(s))
  043/normal_heavy_vehicles                     … OK  (3 track(s))
  043/normal_heavy_vehicles_das_only            … OK  (4 track(s))
  043/normal_light_traffic                      … OK  (5 track(s))
  043/normal_medium_das_cam_only                … OK  (7 track(s))
  043/normal_medium_das_only                    … OK  (4 track(s))
  043/normal_medium_minimal                     … OK  (8 track(s))
  043/normal_medium_sparse                      … OK  (7 track(s))
  043/normal_medium_traffic                     … OK  (10 track(s))
  043/normal_stop_and_go                        … OK  (9 track(s))
  044/normal_fast_legal                         … OK  (8 track(s))
  044/normal_heavy_traffic                      … OK  (14 track(s))
  044/normal_heavy_traffic_sparse               … OK  (13 track(s))
  044/normal_heavy_vehicles                     … OK  (3 track(s))
  044/normal_heavy_vehicles_das_only            … OK  (5 track(s))
  044/normal_light_traffic                      … OK  (2 track(s))
  044/normal_medium_das_cam_only                … OK  (6 track(s))
  044/normal_medium_das_only                    … OK  (7 track(s))
  044/normal_medium_minimal                     … OK  (5 track(s))
  044/normal_medium_sparse                      … OK  (7 track(s))
  044/normal_medium_traffic                     … OK  (7 track(s))
  044/normal_stop_and_go                        … OK  (9 track(s))
  045/normal_fast_legal                         … OK  (10 track(s))
  045/normal_heavy_traffic                      … OK  (17 track(s))
  045/normal_heavy_traffic_sparse               … OK  (17 track(s))
  045/normal_heavy_vehicles                     … OK  (6 track(s))
  045/normal_heavy_vehicles_das_only            … OK  (5 track(s))
  045/normal_light_traffic                      … OK  (2 track(s))
  045/normal_medium_das_cam_only                … OK  (11 track(s))
  045/normal_medium_das_only                    … OK  (9 track(s))
  045/normal_medium_minimal                     … OK  (6 track(s))
  045/normal_medium_sparse                      … OK  (10 track(s))
  045/normal_medium_traffic                     … OK  (11 track(s))
  045/normal_stop_and_go                        … OK  (11 track(s))
  046/normal_fast_legal                         … OK  (4 track(s))
  046/normal_heavy_traffic                      … OK  (14 track(s))
  046/normal_heavy_traffic_sparse               … OK  (16 track(s))
  046/normal_heavy_vehicles                     … OK  (3 track(s))
  046/normal_heavy_vehicles_das_only            … OK  (3 track(s))
  046/normal_light_traffic                      … OK  (4 track(s))
  046/normal_medium_das_cam_only                … OK  (8 track(s))
  046/normal_medium_das_only                    … OK  (5 track(s))
  046/normal_medium_minimal                     … OK  (9 track(s))
  046/normal_medium_sparse                      … OK  (9 track(s))
  046/normal_medium_traffic                     … OK  (6 track(s))
  046/normal_stop_and_go                        … OK  (7 track(s))
  047/normal_fast_legal                         … OK  (8 track(s))
  047/normal_heavy_traffic                      … OK  (11 track(s))
  047/normal_heavy_traffic_sparse               … OK  (16 track(s))
  047/normal_heavy_vehicles                     … OK  (4 track(s))
  047/normal_heavy_vehicles_das_only            … OK  (3 track(s))
  047/normal_light_traffic                      … OK  (5 track(s))
  047/normal_medium_das_cam_only                … OK  (6 track(s))
  047/normal_medium_das_only                    … OK  (9 track(s))
  047/normal_medium_minimal                     … OK  (8 track(s))
  047/normal_medium_sparse                      … OK  (9 track(s))
  047/normal_medium_traffic                     … OK  (10 track(s))
  047/normal_stop_and_go                        … OK  (9 track(s))
  048/normal_fast_legal                         … OK  (4 track(s))
  048/normal_heavy_traffic                      … OK  (11 track(s))
  048/normal_heavy_traffic_sparse               … OK  (12 track(s))
  048/normal_heavy_vehicles                     … OK  (5 track(s))
  048/normal_heavy_vehicles_das_only            … OK  (5 track(s))
  048/normal_light_traffic                      … OK  (5 track(s))
  048/normal_medium_das_cam_only                … OK  (9 track(s))
  048/normal_medium_das_only                    … OK  (9 track(s))
  048/normal_medium_minimal                     … OK  (12 track(s))
  048/normal_medium_sparse                      … OK  (11 track(s))
  048/normal_medium_traffic                     … OK  (7 track(s))
  048/normal_stop_and_go                        … OK  (12 track(s))
  049/normal_fast_legal                         … OK  (5 track(s))
  049/normal_heavy_traffic                      … OK  (15 track(s))
  049/normal_heavy_traffic_sparse               … OK  (16 track(s))
  049/normal_heavy_vehicles                     … OK  (5 track(s))
  049/normal_heavy_vehicles_das_only            … OK  (6 track(s))
  049/normal_light_traffic                      … OK  (5 track(s))
  049/normal_medium_das_cam_only                … OK  (6 track(s))
  049/normal_medium_das_only                    … OK  (6 track(s))
  049/normal_medium_minimal                     … OK  (8 track(s))
  049/normal_medium_sparse                      … OK  (6 track(s))
  049/normal_medium_traffic                     … OK  (10 track(s))
  049/normal_stop_and_go                        … OK  (7 track(s))
  050/normal_fast_legal                         … OK  (5 track(s))
  050/normal_heavy_traffic                      … OK  (14 track(s))
  050/normal_heavy_traffic_sparse               … OK  (14 track(s))
  050/normal_heavy_vehicles                     … OK  (3 track(s))
  050/normal_heavy_vehicles_das_only            … OK  (6 track(s))
  050/normal_light_traffic                      … OK  (3 track(s))
  050/normal_medium_das_cam_only                … OK  (12 track(s))
  050/normal_medium_das_only                    … OK  (7 track(s))
  050/normal_medium_minimal                     … OK  (8 track(s))
  050/normal_medium_sparse                      … OK  (6 track(s))
  050/normal_medium_traffic                     … OK  (9 track(s))
  050/normal_stop_and_go                        … OK  (7 track(s))
  051/normal_fast_legal                         … OK  (9 track(s))
  051/normal_heavy_traffic                      … OK  (13 track(s))
  051/normal_heavy_traffic_sparse               … OK  (14 track(s))
  051/normal_heavy_vehicles                     … OK  (4 track(s))
  051/normal_heavy_vehicles_das_only            … OK  (3 track(s))
  051/normal_light_traffic                      … OK  (3 track(s))
  051/normal_medium_das_cam_only                … OK  (6 track(s))
  051/normal_medium_das_only                    … OK  (9 track(s))
  051/normal_medium_minimal                     … OK  (9 track(s))
  051/normal_medium_sparse                      … OK  (6 track(s))
  051/normal_medium_traffic                     … OK  (12 track(s))
  051/normal_stop_and_go                        … OK  (7 track(s))
  052/normal_fast_legal                         … OK  (10 track(s))
  052/normal_heavy_traffic                      … OK  (13 track(s))
  052/normal_heavy_traffic_sparse               … OK  (17 track(s))
  052/normal_heavy_vehicles                     … OK  (6 track(s))
  052/normal_heavy_vehicles_das_only            … OK  (4 track(s))
  052/normal_light_traffic                      … OK  (2 track(s))
  052/normal_medium_das_cam_only                … OK  (12 track(s))
  052/normal_medium_das_only                    … OK  (7 track(s))
  052/normal_medium_minimal                     … OK  (8 track(s))
  052/normal_medium_sparse                      … OK  (7 track(s))
  052/normal_medium_traffic                     … OK  (10 track(s))
  052/normal_stop_and_go                        … OK  (10 track(s))
  053/normal_fast_legal                         … OK  (6 track(s))
  053/normal_heavy_traffic                      … OK  (14 track(s))
  053/normal_heavy_traffic_sparse               … OK  (13 track(s))
  053/normal_heavy_vehicles                     … OK  (2 track(s))
  053/normal_heavy_vehicles_das_only            … OK  (3 track(s))
  053/normal_light_traffic                      … OK  (2 track(s))
  053/normal_medium_das_cam_only                … OK  (6 track(s))
  053/normal_medium_das_only                    … OK  (7 track(s))
  053/normal_medium_minimal                     … OK  (6 track(s))
  053/normal_medium_sparse                      … OK  (12 track(s))
  053/normal_medium_traffic                     … OK  (9 track(s))
  053/normal_stop_and_go                        … OK  (5 track(s))
  054/normal_fast_legal                         … OK  (10 track(s))
  054/normal_heavy_traffic                      … OK  (14 track(s))
  054/normal_heavy_traffic_sparse               … OK  (15 track(s))
  054/normal_heavy_vehicles                     … OK  (5 track(s))
  054/normal_heavy_vehicles_das_only            … OK  (6 track(s))
  054/normal_light_traffic                      … OK  (5 track(s))
  054/normal_medium_das_cam_only                … OK  (6 track(s))
  054/normal_medium_das_only                    … OK  (6 track(s))
  054/normal_medium_minimal                     … OK  (9 track(s))
  054/normal_medium_sparse                      … OK  (7 track(s))
  054/normal_medium_traffic                     … OK  (11 track(s))
  054/normal_stop_and_go                        … OK  (6 track(s))
  055/normal_fast_legal                         … OK  (6 track(s))
  055/normal_heavy_traffic                      … OK  (14 track(s))
  055/normal_heavy_traffic_sparse               … OK  (9 track(s))
  055/normal_heavy_vehicles                     … OK  (4 track(s))
  055/normal_heavy_vehicles_das_only            … OK  (4 track(s))
  055/normal_light_traffic                      … OK  (3 track(s))
  055/normal_medium_das_cam_only                … OK  (6 track(s))
  055/normal_medium_das_only                    … OK  (9 track(s))
  055/normal_medium_minimal                     … OK  (6 track(s))
  055/normal_medium_sparse                      … OK  (10 track(s))
  055/normal_medium_traffic                     … OK  (9 track(s))
  055/normal_stop_and_go                        … OK  (10 track(s))

============================================================
Extraction complete:  228/228 succeeded,  0 failed  (0 skipped / already done)
Wall time: 1977.8 s

Output    : /Users/noasapir/final proj/anomaly_model/outputs/features_normal_b3.csv
Rows      : 1835  (1835 normal, 0 anomaly tracks)
Features  : 170 columns (incl. identifiers + label)
============================================================


SimStudio — Feature Excel Builder
  Input  : /Users/noasapir/final proj/anomaly_model/outputs/features_normal_b3.csv
  Output : /Users/noasapir/final proj/anomaly_model/outputs/features_normal_b3.xlsx
  Reading CSV … 1835 rows × 170 columns
  Building Features sheet … done
  Building Summary sheet … done
  Building Feature Catalog sheet … done

  ✓  Saved: /Users/noasapir/final proj/anomaly_model/outputs/features_normal_b3.xlsx
     Catalog entries : 170 known + 0 unlabelled
