
SimStudio Anomaly Model — Feature Extraction
Maps root : /Users/noasapir/final proj/maps/tiles_north_tlv_south
Tiles     : 19 tile(s) requested
Scenarios : 228 with completed exports found

  056/normal_fast_legal                         … OK  (8 track(s))
  056/normal_heavy_traffic                      … OK  (12 track(s))
  056/normal_heavy_traffic_sparse               … OK  (15 track(s))
  056/normal_heavy_vehicles                     … OK  (5 track(s))
  056/normal_heavy_vehicles_das_only            … OK  (5 track(s))
  056/normal_light_traffic                      … OK  (2 track(s))
  056/normal_medium_das_cam_only                … OK  (10 track(s))
  056/normal_medium_das_only                    … OK  (8 track(s))
  056/normal_medium_minimal                     … OK  (9 track(s))
  056/normal_medium_sparse                      … OK  (9 track(s))
  056/normal_medium_traffic                     … OK  (13 track(s))
  056/normal_stop_and_go                        … OK  (8 track(s))
  057/normal_fast_legal                         … OK  (6 track(s))
  057/normal_heavy_traffic                      … OK  (15 track(s))
  057/normal_heavy_traffic_sparse               … OK  (18 track(s))
  057/normal_heavy_vehicles                     … OK  (6 track(s))
  057/normal_heavy_vehicles_das_only            … OK  (3 track(s))
  057/normal_light_traffic                      … OK  (4 track(s))
  057/normal_medium_das_cam_only                … OK  (5 track(s))
  057/normal_medium_das_only                    … OK  (6 track(s))
  057/normal_medium_minimal                     … OK  (10 track(s))
  057/normal_medium_sparse                      … OK  (7 track(s))
  057/normal_medium_traffic                     … OK  (5 track(s))
  057/normal_stop_and_go                        … OK  (7 track(s))
  058/normal_fast_legal                         … OK  (5 track(s))
  058/normal_heavy_traffic                      … OK  (12 track(s))
  058/normal_heavy_traffic_sparse               … OK  (15 track(s))
  058/normal_heavy_vehicles                     … OK  (2 track(s))
  058/normal_heavy_vehicles_das_only            … OK  (4 track(s))
  058/normal_light_traffic                      … OK  (5 track(s))
  058/normal_medium_das_cam_only                … OK  (11 track(s))
  058/normal_medium_das_only                    … OK  (7 track(s))
  058/normal_medium_minimal                     … OK  (9 track(s))
  058/normal_medium_sparse                      … OK  (8 track(s))
  058/normal_medium_traffic                     … OK  (7 track(s))
  058/normal_stop_and_go                        … OK  (12 track(s))
  059/normal_fast_legal                         … OK  (5 track(s))
  059/normal_heavy_traffic                      … OK  (17 track(s))
  059/normal_heavy_traffic_sparse               … OK  (13 track(s))
  059/normal_heavy_vehicles                     … OK  (6 track(s))
  059/normal_heavy_vehicles_das_only            … OK  (5 track(s))
  059/normal_light_traffic                      … OK  (2 track(s))
  059/normal_medium_das_cam_only                … OK  (6 track(s))
  059/normal_medium_das_only                    … OK  (9 track(s))
  059/normal_medium_minimal                     … OK  (4 track(s))
  059/normal_medium_sparse                      … OK  (8 track(s))
  059/normal_medium_traffic                     … OK  (12 track(s))
  059/normal_stop_and_go                        … OK  (8 track(s))
  060/normal_fast_legal                         … OK  (10 track(s))
  060/normal_heavy_traffic                      … OK  (16 track(s))
  060/normal_heavy_traffic_sparse               … OK  (14 track(s))
  060/normal_heavy_vehicles                     … OK  (5 track(s))
  060/normal_heavy_vehicles_das_only            … OK  (6 track(s))
  060/normal_light_traffic                      … OK  (2 track(s))
  060/normal_medium_das_cam_only                … OK  (7 track(s))
  060/normal_medium_das_only                    … OK  (7 track(s))
  060/normal_medium_minimal                     … OK  (6 track(s))
  060/normal_medium_sparse                      … OK  (6 track(s))
  060/normal_medium_traffic                     … OK  (10 track(s))
  060/normal_stop_and_go                        … OK  (8 track(s))
  061/normal_fast_legal                         … OK  (9 track(s))
  061/normal_heavy_traffic                      … OK  (12 track(s))
  061/normal_heavy_traffic_sparse               … OK  (15 track(s))
  061/normal_heavy_vehicles                     … OK  (2 track(s))
  061/normal_heavy_vehicles_das_only            … OK  (4 track(s))
  061/normal_light_traffic                      … OK  (2 track(s))
  061/normal_medium_das_cam_only                … OK  (8 track(s))
  061/normal_medium_das_only                    … OK  (8 track(s))
  061/normal_medium_minimal                     … OK  (7 track(s))
  061/normal_medium_sparse                      … OK  (9 track(s))
  061/normal_medium_traffic                     … OK  (8 track(s))
  061/normal_stop_and_go                        … OK  (9 track(s))
  062/normal_fast_legal                         … OK  (7 track(s))
  062/normal_heavy_traffic                      … OK  (13 track(s))
  062/normal_heavy_traffic_sparse               … OK  (17 track(s))
  062/normal_heavy_vehicles                     … OK  (4 track(s))
  062/normal_heavy_vehicles_das_only            … OK  (4 track(s))
  062/normal_light_traffic                      … OK  (4 track(s))
  062/normal_medium_das_cam_only                … OK  (9 track(s))
  062/normal_medium_das_only                    … OK  (10 track(s))
  062/normal_medium_minimal                     … OK  (5 track(s))
  062/normal_medium_sparse                      … OK  (8 track(s))
  062/normal_medium_traffic                     … OK  (7 track(s))
  062/normal_stop_and_go                        … OK  (10 track(s))
  063/normal_fast_legal                         … OK  (6 track(s))
  063/normal_heavy_traffic                      … OK  (13 track(s))
  063/normal_heavy_traffic_sparse               … OK  (15 track(s))
  063/normal_heavy_vehicles                     … OK  (3 track(s))
  063/normal_heavy_vehicles_das_only            … OK  (3 track(s))
  063/normal_light_traffic                      … OK  (3 track(s))
  063/normal_medium_das_cam_only                … OK  (8 track(s))
  063/normal_medium_das_only                    … OK  (10 track(s))
  063/normal_medium_minimal                     … OK  (5 track(s))
  063/normal_medium_sparse                      … OK  (7 track(s))
  063/normal_medium_traffic                     … OK  (7 track(s))
  063/normal_stop_and_go                        … OK  (9 track(s))
  064/normal_fast_legal                         … OK  (10 track(s))
  064/normal_heavy_traffic                      … OK  (13 track(s))
  064/normal_heavy_traffic_sparse               … OK  (16 track(s))
  064/normal_heavy_vehicles                     … OK  (6 track(s))
  064/normal_heavy_vehicles_das_only            … OK  (6 track(s))
  064/normal_light_traffic                      … OK  (3 track(s))
  064/normal_medium_das_cam_only                … OK  (5 track(s))
  064/normal_medium_das_only                    … OK  (11 track(s))
  064/normal_medium_minimal                     … OK  (3 track(s))
  064/normal_medium_sparse                      … OK  (9 track(s))
  064/normal_medium_traffic                     … OK  (11 track(s))
  064/normal_stop_and_go                        … OK  (9 track(s))
  065/normal_fast_legal                         … OK  (6 track(s))
  065/normal_heavy_traffic                      … OK  (17 track(s))
  065/normal_heavy_traffic_sparse               … OK  (10 track(s))
  065/normal_heavy_vehicles                     … OK  (5 track(s))
  065/normal_heavy_vehicles_das_only            … OK  (6 track(s))
  065/normal_light_traffic                      … OK  (2 track(s))
  065/normal_medium_das_cam_only                … OK  (8 track(s))
  065/normal_medium_das_only                    … OK  (6 track(s))
  065/normal_medium_minimal                     … OK  (7 track(s))
  065/normal_medium_sparse                      … OK  (10 track(s))
  065/normal_medium_traffic                     … OK  (6 track(s))
  065/normal_stop_and_go                        … OK  (7 track(s))
  066/normal_fast_legal                         … OK  (5 track(s))
  066/normal_heavy_traffic                      … OK  (16 track(s))
  066/normal_heavy_traffic_sparse               … OK  (14 track(s))
  066/normal_heavy_vehicles                     … OK  (3 track(s))
  066/normal_heavy_vehicles_das_only            … OK  (6 track(s))
  066/normal_light_traffic                      … OK  (3 track(s))
  066/normal_medium_das_cam_only                … OK  (10 track(s))
  066/normal_medium_das_only                    … OK  (9 track(s))
  066/normal_medium_minimal                     … OK  (7 track(s))
  066/normal_medium_sparse                      … OK  (10 track(s))
  066/normal_medium_traffic                     … OK  (8 track(s))
  066/normal_stop_and_go                        … OK  (11 track(s))
  067/normal_fast_legal                         … OK  (6 track(s))
  067/normal_heavy_traffic                      … OK  (13 track(s))
  067/normal_heavy_traffic_sparse               … OK  (18 track(s))
  067/normal_heavy_vehicles                     … OK  (6 track(s))
  067/normal_heavy_vehicles_das_only            … OK  (4 track(s))
  067/normal_light_traffic                      … OK  (4 track(s))
  067/normal_medium_das_cam_only                … OK  (12 track(s))
  067/normal_medium_das_only                    … OK  (7 track(s))
  067/normal_medium_minimal                     … OK  (7 track(s))
  067/normal_medium_sparse                      … OK  (11 track(s))
  067/normal_medium_traffic                     … OK  (7 track(s))
  067/normal_stop_and_go                        … OK  (10 track(s))
  068/normal_fast_legal                         … OK  (9 track(s))
  068/normal_heavy_traffic                      … OK  (15 track(s))
  068/normal_heavy_traffic_sparse               … OK  (11 track(s))
  068/normal_heavy_vehicles                     … OK  (6 track(s))
  068/normal_heavy_vehicles_das_only            … OK  (2 track(s))
  068/normal_light_traffic                      … OK  (4 track(s))
  068/normal_medium_das_cam_only                … OK  (7 track(s))
  068/normal_medium_das_only                    … OK  (6 track(s))
  068/normal_medium_minimal                     … OK  (10 track(s))
  068/normal_medium_sparse                      … OK  (5 track(s))
  068/normal_medium_traffic                     … OK  (10 track(s))
  068/normal_stop_and_go                        … OK  (7 track(s))
  069/normal_fast_legal                         … OK  (11 track(s))
  069/normal_heavy_traffic                      … OK  (13 track(s))
  069/normal_heavy_traffic_sparse               … OK  (17 track(s))
  069/normal_heavy_vehicles                     … OK  (5 track(s))
  069/normal_heavy_vehicles_das_only            … OK  (4 track(s))
  069/normal_light_traffic                      … OK  (5 track(s))
  069/normal_medium_das_cam_only                … OK  (8 track(s))
  069/normal_medium_das_only                    … OK  (10 track(s))
  069/normal_medium_minimal                     … OK  (8 track(s))
  069/normal_medium_sparse                      … OK  (12 track(s))
  069/normal_medium_traffic                     … OK  (7 track(s))
  069/normal_stop_and_go                        … OK  (10 track(s))
  070/normal_fast_legal                         … OK  (4 track(s))
  070/normal_heavy_traffic                      … OK  (13 track(s))
  070/normal_heavy_traffic_sparse               … OK  (13 track(s))
  070/normal_heavy_vehicles                     … OK  (6 track(s))
  070/normal_heavy_vehicles_das_only            … OK  (3 track(s))
  070/normal_light_traffic                      … OK  (1 track(s))
  070/normal_medium_das_cam_only                … OK  (12 track(s))
  070/normal_medium_das_only                    … OK  (12 track(s))
  070/normal_medium_minimal                     … OK  (5 track(s))
  070/normal_medium_sparse                      … OK  (5 track(s))
  070/normal_medium_traffic                     … OK  (7 track(s))
  070/normal_stop_and_go                        … OK  (6 track(s))
  071/normal_fast_legal                         … OK  (8 track(s))
  071/normal_heavy_traffic                      … OK  (15 track(s))
  071/normal_heavy_traffic_sparse               … OK  (14 track(s))
  071/normal_heavy_vehicles                     … OK  (6 track(s))
  071/normal_heavy_vehicles_das_only            … OK  (5 track(s))
  071/normal_light_traffic                      … OK  (2 track(s))
  071/normal_medium_das_cam_only                … OK  (10 track(s))
  071/normal_medium_das_only                    … OK  (6 track(s))
  071/normal_medium_minimal                     … OK  (6 track(s))
  071/normal_medium_sparse                      … OK  (9 track(s))
  071/normal_medium_traffic                     … OK  (10 track(s))
  071/normal_stop_and_go                        … OK  (7 track(s))
  072/normal_fast_legal                         … OK  (10 track(s))
  072/normal_heavy_traffic                      … OK  (12 track(s))
  072/normal_heavy_traffic_sparse               … OK  (12 track(s))
  072/normal_heavy_vehicles                     … OK  (6 track(s))
  072/normal_heavy_vehicles_das_only            … OK  (3 track(s))
  072/normal_light_traffic                      … OK  (3 track(s))
  072/normal_medium_das_cam_only                … OK  (6 track(s))
  072/normal_medium_das_only                    … OK  (7 track(s))
  072/normal_medium_minimal                     … OK  (6 track(s))
  072/normal_medium_sparse                      … OK  (6 track(s))
  072/normal_medium_traffic                     … OK  (6 track(s))
  072/normal_stop_and_go                        … OK  (8 track(s))
  073/normal_fast_legal                         … OK  (8 track(s))
  073/normal_heavy_traffic                      … OK  (13 track(s))
  073/normal_heavy_traffic_sparse               … OK  (17 track(s))
  073/normal_heavy_vehicles                     … OK  (3 track(s))
  073/normal_heavy_vehicles_das_only            … OK  (4 track(s))
  073/normal_light_traffic                      … OK  (1 track(s))
  073/normal_medium_das_cam_only                … OK  (7 track(s))
  073/normal_medium_das_only                    … OK  (6 track(s))
  073/normal_medium_minimal                     … OK  (9 track(s))
  073/normal_medium_sparse                      … OK  (7 track(s))
  073/normal_medium_traffic                     … OK  (10 track(s))
  073/normal_stop_and_go                        … OK  (11 track(s))
  074/normal_fast_legal                         … OK  (4 track(s))
  074/normal_heavy_traffic                      … OK  (17 track(s))
  074/normal_heavy_traffic_sparse               … OK  (16 track(s))
  074/normal_heavy_vehicles                     … OK  (3 track(s))
  074/normal_heavy_vehicles_das_only            … OK  (3 track(s))
  074/normal_light_traffic                      … OK  (5 track(s))
  074/normal_medium_das_cam_only                … OK  (10 track(s))
  074/normal_medium_das_only                    … OK  (10 track(s))
  074/normal_medium_minimal                     … OK  (8 track(s))
  074/normal_medium_sparse                      … OK  (5 track(s))
  074/normal_medium_traffic                     … OK  (11 track(s))
  074/normal_stop_and_go                        … OK  (8 track(s))

============================================================
Extraction complete:  228/228 succeeded,  0 failed  (0 skipped / already done)
Wall time: 1425.8 s

Output    : /Users/noasapir/final proj/anomaly_model/outputs/features_normal_b4.csv
Rows      : 1832  (1832 normal, 0 anomaly tracks)
Features  : 170 columns (incl. identifiers + label)
============================================================


SimStudio — Feature Excel Builder
  Input  : /Users/noasapir/final proj/anomaly_model/outputs/features_normal_b4.csv
  Output : /Users/noasapir/final proj/anomaly_model/outputs/features_normal_b4.xlsx
  Reading CSV … 1832 rows × 170 columns
  Building Features sheet … done
  Building Summary sheet … done
  Building Feature Catalog sheet … done

  ✓  Saved: /Users/noasapir/final proj/anomaly_model/outputs/features_normal_b4.xlsx
     Catalog entries : 170 known + 0 unlabelled
