
SimStudio Anomaly Model — Feature Extraction
Maps root : /Users/noasapir/final proj/maps/tiles_north_tlv_south
Tiles     : 19 tile(s) requested
Scenarios : 228 with completed exports found

  075/normal_fast_legal                         … OK  (7 track(s))
  075/normal_heavy_traffic                      … OK  (16 track(s))
  075/normal_heavy_traffic_sparse               … OK  (13 track(s))
  075/normal_heavy_vehicles                     … OK  (3 track(s))
  075/normal_heavy_vehicles_das_only            … OK  (5 track(s))
  075/normal_light_traffic                      … OK  (3 track(s))
  075/normal_medium_das_cam_only                … OK  (10 track(s))
  075/normal_medium_das_only                    … OK  (10 track(s))
  075/normal_medium_minimal                     … OK  (4 track(s))
  075/normal_medium_sparse                      … OK  (10 track(s))
  075/normal_medium_traffic                     … OK  (10 track(s))
  075/normal_stop_and_go                        … OK  (6 track(s))
  076/normal_fast_legal                         … OK  (10 track(s))
  076/normal_heavy_traffic                      … OK  (12 track(s))
  076/normal_heavy_traffic_sparse               … OK  (14 track(s))
  076/normal_heavy_vehicles                     … OK  (3 track(s))
  076/normal_heavy_vehicles_das_only            … OK  (6 track(s))
  076/normal_light_traffic                      … OK  (4 track(s))
  076/normal_medium_das_cam_only                … OK  (7 track(s))
  076/normal_medium_das_only                    … OK  (10 track(s))
  076/normal_medium_minimal                     … OK  (7 track(s))
  076/normal_medium_sparse                      … OK  (10 track(s))
  076/normal_medium_traffic                     … OK  (9 track(s))
  076/normal_stop_and_go                        … OK  (8 track(s))
  077/normal_fast_legal                         … OK  (5 track(s))
  077/normal_heavy_traffic                      … OK  (15 track(s))
  077/normal_heavy_traffic_sparse               … OK  (13 track(s))
  077/normal_heavy_vehicles                     … OK  (3 track(s))
  077/normal_heavy_vehicles_das_only            … OK  (4 track(s))
  077/normal_light_traffic                      … OK  (2 track(s))
  077/normal_medium_das_cam_only                … OK  (6 track(s))
  077/normal_medium_das_only                    … OK  (7 track(s))
  077/normal_medium_minimal                     … OK  (6 track(s))
  077/normal_medium_sparse                      … OK  (11 track(s))
  077/normal_medium_traffic                     … OK  (11 track(s))
  077/normal_stop_and_go                        … OK  (10 track(s))
  078/normal_fast_legal                         … OK  (7 track(s))
  078/normal_heavy_traffic                      … OK  (14 track(s))
  078/normal_heavy_traffic_sparse               … OK  (11 track(s))
  078/normal_heavy_vehicles                     … OK  (5 track(s))
  078/normal_heavy_vehicles_das_only            … OK  (4 track(s))
  078/normal_light_traffic                      … OK  (3 track(s))
  078/normal_medium_das_cam_only                … OK  (6 track(s))
  078/normal_medium_das_only                    … OK  (6 track(s))
  078/normal_medium_minimal                     … OK  (6 track(s))
  078/normal_medium_sparse                      … OK  (8 track(s))
  078/normal_medium_traffic                     … OK  (8 track(s))
  078/normal_stop_and_go                        … OK  (11 track(s))
  079/normal_fast_legal                         … OK  (8 track(s))
  079/normal_heavy_traffic                      … OK  (14 track(s))
  079/normal_heavy_traffic_sparse               … OK  (15 track(s))
  079/normal_heavy_vehicles                     … OK  (4 track(s))
  079/normal_heavy_vehicles_das_only            … OK  (5 track(s))
  079/normal_light_traffic                      … OK  (3 track(s))
  079/normal_medium_das_cam_only                … OK  (11 track(s))
  079/normal_medium_das_only                    … OK  (9 track(s))
  079/normal_medium_minimal                     … OK  (6 track(s))
  079/normal_medium_sparse                      … OK  (7 track(s))
  079/normal_medium_traffic                     … OK  (8 track(s))
  079/normal_stop_and_go                        … OK  (7 track(s))
  080/normal_fast_legal                         … OK  (7 track(s))
  080/normal_heavy_traffic                      … OK  (14 track(s))
  080/normal_heavy_traffic_sparse               … OK  (16 track(s))
  080/normal_heavy_vehicles                     … OK  (4 track(s))
  080/normal_heavy_vehicles_das_only            … OK  (4 track(s))
  080/normal_light_traffic                      … OK  (4 track(s))
  080/normal_medium_das_cam_only                … OK  (7 track(s))
  080/normal_medium_das_only                    … OK  (7 track(s))
  080/normal_medium_minimal                     … OK  (4 track(s))
  080/normal_medium_sparse                      … OK  (8 track(s))
  080/normal_medium_traffic                     … OK  (13 track(s))
  080/normal_stop_and_go                        … OK  (12 track(s))
  081/normal_fast_legal                         … OK  (8 track(s))
  081/normal_heavy_traffic                      … OK  (16 track(s))
  081/normal_heavy_traffic_sparse               … OK  (12 track(s))
  081/normal_heavy_vehicles                     … OK  (2 track(s))
  081/normal_heavy_vehicles_das_only            … OK  (3 track(s))
  081/normal_light_traffic                      … OK  (3 track(s))
  081/normal_medium_das_cam_only                … OK  (6 track(s))
  081/normal_medium_das_only                    … OK  (11 track(s))
  081/normal_medium_minimal                     … OK  (6 track(s))
  081/normal_medium_sparse                      … OK  (10 track(s))
  081/normal_medium_traffic                     … OK  (7 track(s))
  081/normal_stop_and_go                        … OK  (10 track(s))
  082/normal_fast_legal                         … OK  (9 track(s))
  082/normal_heavy_traffic                      … OK  (13 track(s))
  082/normal_heavy_traffic_sparse               … OK  (12 track(s))
  082/normal_heavy_vehicles                     … OK  (3 track(s))
  082/normal_heavy_vehicles_das_only            … OK  (4 track(s))
  082/normal_light_traffic                      … OK  (2 track(s))
  082/normal_medium_das_cam_only                … OK  (11 track(s))
  082/normal_medium_das_only                    … OK  (8 track(s))
  082/normal_medium_minimal                     … OK  (7 track(s))
  082/normal_medium_sparse                      … OK  (9 track(s))
  082/normal_medium_traffic                     … OK  (10 track(s))
  082/normal_stop_and_go                        … OK  (9 track(s))
  083/normal_fast_legal                         … OK  (5 track(s))
  083/normal_heavy_traffic                      … OK  (15 track(s))
  083/normal_heavy_traffic_sparse               … OK  (12 track(s))
  083/normal_heavy_vehicles                     … OK  (6 track(s))
  083/normal_heavy_vehicles_das_only            … OK  (3 track(s))
  083/normal_light_traffic                      … OK  (5 track(s))
  083/normal_medium_das_cam_only                … OK  (8 track(s))
  083/normal_medium_das_only                    … OK  (12 track(s))
  083/normal_medium_minimal                     … OK  (11 track(s))
  083/normal_medium_sparse                      … OK  (12 track(s))
  083/normal_medium_traffic                     … OK  (7 track(s))
  083/normal_stop_and_go                        … OK  (6 track(s))
  084/normal_fast_legal                         … OK  (9 track(s))
  084/normal_heavy_traffic                      … OK  (13 track(s))
  084/normal_heavy_traffic_sparse               … OK  (18 track(s))
  084/normal_heavy_vehicles                     … OK  (3 track(s))
  084/normal_heavy_vehicles_das_only            … OK  (4 track(s))
  084/normal_light_traffic                      … OK  (3 track(s))
  084/normal_medium_das_cam_only                … OK  (11 track(s))
  084/normal_medium_das_only                    … OK  (6 track(s))
  084/normal_medium_minimal                     … OK  (5 track(s))
  084/normal_medium_sparse                      … OK  (6 track(s))
  084/normal_medium_traffic                     … OK  (11 track(s))
  084/normal_stop_and_go                        … OK  (10 track(s))
  085/normal_fast_legal                         … OK  (10 track(s))
  085/normal_heavy_traffic                      … OK  (17 track(s))
  085/normal_heavy_traffic_sparse               … OK  (18 track(s))
  085/normal_heavy_vehicles                     … OK  (6 track(s))
  085/normal_heavy_vehicles_das_only            … OK  (4 track(s))
  085/normal_light_traffic                      … OK  (5 track(s))
  085/normal_medium_das_cam_only                … OK  (9 track(s))
  085/normal_medium_das_only                    … OK  (11 track(s))
  085/normal_medium_minimal                     … OK  (6 track(s))
  085/normal_medium_sparse                      … OK  (6 track(s))
  085/normal_medium_traffic                     … OK  (9 track(s))
  085/normal_stop_and_go                        … OK  (10 track(s))
  086/normal_fast_legal                         … OK  (8 track(s))
  086/normal_heavy_traffic                      … OK  (16 track(s))
  086/normal_heavy_traffic_sparse               … OK  (13 track(s))
  086/normal_heavy_vehicles                     … OK  (4 track(s))
  086/normal_heavy_vehicles_das_only            … OK  (4 track(s))
  086/normal_light_traffic                      … OK  (3 track(s))
  086/normal_medium_das_cam_only                … OK  (8 track(s))
  086/normal_medium_das_only                    … OK  (8 track(s))
  086/normal_medium_minimal                     … OK  (9 track(s))
  086/normal_medium_sparse                      … OK  (5 track(s))
  086/normal_medium_traffic                     … OK  (8 track(s))
  086/normal_stop_and_go                        … OK  (10 track(s))
  087/normal_fast_legal                         … OK  (8 track(s))
  087/normal_heavy_traffic                      … OK  (15 track(s))
  087/normal_heavy_traffic_sparse               … OK  (14 track(s))
  087/normal_heavy_vehicles                     … OK  (5 track(s))
  087/normal_heavy_vehicles_das_only            … OK  (4 track(s))
  087/normal_light_traffic                      … OK  (2 track(s))
  087/normal_medium_das_cam_only                … OK  (9 track(s))
  087/normal_medium_das_only                    … OK  (9 track(s))
  087/normal_medium_minimal                     … OK  (7 track(s))
  087/normal_medium_sparse                      … OK  (12 track(s))
  087/normal_medium_traffic                     … OK  (6 track(s))
  087/normal_stop_and_go                        … OK  (13 track(s))
  088/normal_fast_legal                         … OK  (10 track(s))
  088/normal_heavy_traffic                      … OK  (17 track(s))
  088/normal_heavy_traffic_sparse               … OK  (13 track(s))
  088/normal_heavy_vehicles                     … OK  (4 track(s))
  088/normal_heavy_vehicles_das_only            … OK  (4 track(s))
  088/normal_light_traffic                      … OK  (5 track(s))
  088/normal_medium_das_cam_only                … OK  (12 track(s))
  088/normal_medium_das_only                    … OK  (9 track(s))
  088/normal_medium_minimal                     … OK  (4 track(s))
  088/normal_medium_sparse                      … OK  (10 track(s))
  088/normal_medium_traffic                     … OK  (6 track(s))
  088/normal_stop_and_go                        … OK  (9 track(s))
  089/normal_fast_legal                         … OK  (6 track(s))
  089/normal_heavy_traffic                      … OK  (13 track(s))
  089/normal_heavy_traffic_sparse               … OK  (15 track(s))
  089/normal_heavy_vehicles                     … OK  (4 track(s))
  089/normal_heavy_vehicles_das_only            … OK  (6 track(s))
  089/normal_light_traffic                      … OK  (4 track(s))
  089/normal_medium_das_cam_only                … OK  (5 track(s))
  089/normal_medium_das_only                    … OK  (7 track(s))
  089/normal_medium_minimal                     … OK  (7 track(s))
  089/normal_medium_sparse                      … OK  (7 track(s))
  089/normal_medium_traffic                     … OK  (8 track(s))
  089/normal_stop_and_go                        … OK  (6 track(s))
  090/normal_fast_legal                         … OK  (9 track(s))
  090/normal_heavy_traffic                      … OK  (12 track(s))
  090/normal_heavy_traffic_sparse               … OK  (18 track(s))
  090/normal_heavy_vehicles                     … OK  (4 track(s))
  090/normal_heavy_vehicles_das_only            … OK  (4 track(s))
  090/normal_light_traffic                      … OK  (4 track(s))
  090/normal_medium_das_cam_only                … OK  (8 track(s))
  090/normal_medium_das_only                    … OK  (9 track(s))
  090/normal_medium_minimal                     … OK  (10 track(s))
  090/normal_medium_sparse                      … OK  (10 track(s))
  090/normal_medium_traffic                     … OK  (8 track(s))
  090/normal_stop_and_go                        … OK  (6 track(s))
  091/normal_fast_legal                         … OK  (8 track(s))
  091/normal_heavy_traffic                      … OK  (15 track(s))
  091/normal_heavy_traffic_sparse               … OK  (17 track(s))
  091/normal_heavy_vehicles                     … OK  (5 track(s))
  091/normal_heavy_vehicles_das_only            … OK  (5 track(s))
  091/normal_light_traffic                      … OK  (2 track(s))
  091/normal_medium_das_cam_only                … OK  (11 track(s))
  091/normal_medium_das_only                    … OK  (11 track(s))
  091/normal_medium_minimal                     … OK  (11 track(s))
  091/normal_medium_sparse                      … OK  (7 track(s))
  091/normal_medium_traffic                     … OK  (7 track(s))
  091/normal_stop_and_go                        … OK  (6 track(s))
  092/normal_fast_legal                         … OK  (7 track(s))
  092/normal_heavy_traffic                      … OK  (11 track(s))
  092/normal_heavy_traffic_sparse               … OK  (9 track(s))
  092/normal_heavy_vehicles                     … OK  (6 track(s))
  092/normal_heavy_vehicles_das_only            … OK  (4 track(s))
  092/normal_light_traffic                      … OK  (4 track(s))
  092/normal_medium_das_cam_only                … OK  (10 track(s))
  092/normal_medium_das_only                    … OK  (8 track(s))
  092/normal_medium_minimal                     … OK  (9 track(s))
  092/normal_medium_sparse                      … OK  (8 track(s))
  092/normal_medium_traffic                     … OK  (6 track(s))
  092/normal_stop_and_go                        … OK  (9 track(s))
  093/normal_fast_legal                         … OK  (5 track(s))
  093/normal_heavy_traffic                      … OK  (12 track(s))
  093/normal_heavy_traffic_sparse               … OK  (17 track(s))
  093/normal_heavy_vehicles                     … OK  (5 track(s))
  093/normal_heavy_vehicles_das_only            … OK  (3 track(s))
  093/normal_light_traffic                      … OK  (2 track(s))
  093/normal_medium_das_cam_only                … OK  (8 track(s))
  093/normal_medium_das_only                    … OK  (7 track(s))
  093/normal_medium_minimal                     … OK  (9 track(s))
  093/normal_medium_sparse                      … OK  (10 track(s))
  093/normal_medium_traffic                     … OK  (7 track(s))
  093/normal_stop_and_go                        … OK  (6 track(s))

============================================================
Extraction complete:  228/228 succeeded,  0 failed  (0 skipped / already done)
Wall time: 1949.2 s

Output    : /Users/noasapir/final proj/anomaly_model/outputs/features_normal_b5.csv
Rows      : 1859  (1859 normal, 0 anomaly tracks)
Features  : 170 columns (incl. identifiers + label)
============================================================


SimStudio — Feature Excel Builder
  Input  : /Users/noasapir/final proj/anomaly_model/outputs/features_normal_b5.csv
  Output : /Users/noasapir/final proj/anomaly_model/outputs/features_normal_b5.xlsx
  Reading CSV … 1859 rows × 170 columns
  Building Features sheet … done
  Building Summary sheet … done
  Building Feature Catalog sheet … done

  ✓  Saved: /Users/noasapir/final proj/anomaly_model/outputs/features_normal_b5.xlsx
     Catalog entries : 170 known + 0 unlabelled
