
SimStudio Anomaly Model — Feature Extraction
Maps root : /Users/noasapir/final proj/maps/tiles_north_tlv_south
Tiles     : 19 tile(s) requested
Scenarios : 228 with completed exports found

  094/normal_fast_legal                         … OK  (7 track(s))
  094/normal_heavy_traffic                      … OK  (12 track(s))
  094/normal_heavy_traffic_sparse               … OK  (15 track(s))
  094/normal_heavy_vehicles                     … OK  (4 track(s))
  094/normal_heavy_vehicles_das_only            … OK  (5 track(s))
  094/normal_light_traffic                      … OK  (4 track(s))
  094/normal_medium_das_cam_only                … OK  (8 track(s))
  094/normal_medium_das_only                    … OK  (6 track(s))
  094/normal_medium_minimal                     … OK  (5 track(s))
  094/normal_medium_sparse                      … OK  (6 track(s))
  094/normal_medium_traffic                     … OK  (10 track(s))
  094/normal_stop_and_go                        … OK  (11 track(s))
  095/normal_fast_legal                         … OK  (8 track(s))
  095/normal_heavy_traffic                      … OK  (13 track(s))
  095/normal_heavy_traffic_sparse               … OK  (11 track(s))
  095/normal_heavy_vehicles                     … OK  (3 track(s))
  095/normal_heavy_vehicles_das_only            … OK  (3 track(s))
  095/normal_light_traffic                      … OK  (5 track(s))
  095/normal_medium_das_cam_only                … OK  (4 track(s))
  095/normal_medium_das_only                    … OK  (11 track(s))
  095/normal_medium_minimal                     … OK  (5 track(s))
  095/normal_medium_sparse                      … OK  (6 track(s))
  095/normal_medium_traffic                     … OK  (9 track(s))
  095/normal_stop_and_go                        … OK  (5 track(s))
  096/normal_fast_legal                         … OK  (8 track(s))
  096/normal_heavy_traffic                      … OK  (12 track(s))
  096/normal_heavy_traffic_sparse               … OK  (16 track(s))
  096/normal_heavy_vehicles                     … OK  (3 track(s))
  096/normal_heavy_vehicles_das_only            … OK  (4 track(s))
  096/normal_light_traffic                      … OK  (1 track(s))
  096/normal_medium_das_cam_only                … OK  (10 track(s))
  096/normal_medium_das_only                    … OK  (9 track(s))
  096/normal_medium_minimal                     … OK  (12 track(s))
  096/normal_medium_sparse                      … OK  (6 track(s))
  096/normal_medium_traffic                     … OK  (8 track(s))
  096/normal_stop_and_go                        … OK  (5 track(s))
  097/normal_fast_legal                         … OK  (7 track(s))
  097/normal_heavy_traffic                      … OK  (15 track(s))
  097/normal_heavy_traffic_sparse               … OK  (12 track(s))
  097/normal_heavy_vehicles                     … OK  (4 track(s))
  097/normal_heavy_vehicles_das_only            … OK  (3 track(s))
  097/normal_light_traffic                      … OK  (5 track(s))
  097/normal_medium_das_cam_only                … OK  (9 track(s))
  097/normal_medium_das_only                    … OK  (9 track(s))
  097/normal_medium_minimal                     … OK  (10 track(s))
  097/normal_medium_sparse                      … OK  (10 track(s))
  097/normal_medium_traffic                     … OK  (9 track(s))
  097/normal_stop_and_go                        … OK  (10 track(s))
  098/normal_fast_legal                         … OK  (6 track(s))
  098/normal_heavy_traffic                      … OK  (12 track(s))
  098/normal_heavy_traffic_sparse               … OK  (16 track(s))
  098/normal_heavy_vehicles                     … OK  (4 track(s))
  098/normal_heavy_vehicles_das_only            … OK  (4 track(s))
  098/normal_light_traffic                      … OK  (4 track(s))
  098/normal_medium_das_cam_only                … OK  (4 track(s))
  098/normal_medium_das_only                    … OK  (5 track(s))
  098/normal_medium_minimal                     … OK  (12 track(s))
  098/normal_medium_sparse                      … OK  (8 track(s))
  098/normal_medium_traffic                     … OK  (10 track(s))
  098/normal_stop_and_go                        … OK  (9 track(s))
  099/normal_fast_legal                         … OK  (7 track(s))
  099/normal_heavy_traffic                      … OK  (12 track(s))
  099/normal_heavy_traffic_sparse               … OK  (11 track(s))
  099/normal_heavy_vehicles                     … OK  (4 track(s))
  099/normal_heavy_vehicles_das_only            … OK  (5 track(s))
  099/normal_light_traffic                      … OK  (2 track(s))
  099/normal_medium_das_cam_only                … OK  (8 track(s))
  099/normal_medium_das_only                    … OK  (6 track(s))
  099/normal_medium_minimal                     … OK  (4 track(s))
  099/normal_medium_sparse                      … OK  (11 track(s))
  099/normal_medium_traffic                     … OK  (4 track(s))
  099/normal_stop_and_go                        … OK  (7 track(s))
  100/normal_fast_legal                         … OK  (10 track(s))
  100/normal_heavy_traffic                      … OK  (17 track(s))
  100/normal_heavy_traffic_sparse               … OK  (14 track(s))
  100/normal_heavy_vehicles                     … OK  (6 track(s))
  100/normal_heavy_vehicles_das_only            … OK  (5 track(s))
  100/normal_light_traffic                      … OK  (5 track(s))
  100/normal_medium_das_cam_only                … OK  (7 track(s))
  100/normal_medium_das_only                    … OK  (11 track(s))
  100/normal_medium_minimal                     … OK  (9 track(s))
  100/normal_medium_sparse                      … OK  (8 track(s))
  100/normal_medium_traffic                     … OK  (9 track(s))
  100/normal_stop_and_go                        … OK  (11 track(s))
  101/normal_fast_legal                         … OK  (6 track(s))
  101/normal_heavy_traffic                      … OK  (14 track(s))
  101/normal_heavy_traffic_sparse               … OK  (15 track(s))
  101/normal_heavy_vehicles                     … OK  (4 track(s))
  101/normal_heavy_vehicles_das_only            … OK  (4 track(s))
  101/normal_light_traffic                      … OK  (4 track(s))
  101/normal_medium_das_cam_only                … OK  (9 track(s))
  101/normal_medium_das_only                    … OK  (5 track(s))
  101/normal_medium_minimal                     … OK  (7 track(s))
  101/normal_medium_sparse                      … OK  (7 track(s))
  101/normal_medium_traffic                     … OK  (8 track(s))
  101/normal_stop_and_go                        … OK  (11 track(s))
  102/normal_fast_legal                         … OK  (8 track(s))
  102/normal_heavy_traffic                      … OK  (15 track(s))
  102/normal_heavy_traffic_sparse               … OK  (10 track(s))
  102/normal_heavy_vehicles                     … OK  (6 track(s))
  102/normal_heavy_vehicles_das_only            … OK  (4 track(s))
  102/normal_light_traffic                      … OK  (5 track(s))
  102/normal_medium_das_cam_only                … OK  (11 track(s))
  102/normal_medium_das_only                    … OK  (10 track(s))
  102/normal_medium_minimal                     … OK  (9 track(s))
  102/normal_medium_sparse                      … OK  (9 track(s))
  102/normal_medium_traffic                     … OK  (9 track(s))
  102/normal_stop_and_go                        … OK  (10 track(s))
  103/normal_fast_legal                         … OK  (4 track(s))
  103/normal_heavy_traffic                      … OK  (12 track(s))
  103/normal_heavy_traffic_sparse               … OK  (12 track(s))
  103/normal_heavy_vehicles                     … OK  (3 track(s))
  103/normal_heavy_vehicles_das_only            … OK  (4 track(s))
  103/normal_light_traffic                      … OK  (3 track(s))
  103/normal_medium_das_cam_only                … OK  (9 track(s))
  103/normal_medium_das_only                    … OK  (5 track(s))
  103/normal_medium_minimal                     … OK  (9 track(s))
  103/normal_medium_sparse                      … OK  (8 track(s))
  103/normal_medium_traffic                     … OK  (5 track(s))
  103/normal_stop_and_go                        … OK  (7 track(s))
  104/normal_fast_legal                         … OK  (9 track(s))
  104/normal_heavy_traffic                      … OK  (16 track(s))
  104/normal_heavy_traffic_sparse               … OK  (13 track(s))
  104/normal_heavy_vehicles                     … OK  (3 track(s))
  104/normal_heavy_vehicles_das_only            … OK  (6 track(s))
  104/normal_light_traffic                      … OK  (2 track(s))
  104/normal_medium_das_cam_only                … OK  (12 track(s))
  104/normal_medium_das_only                    … OK  (9 track(s))
  104/normal_medium_minimal                     … OK  (9 track(s))
  104/normal_medium_sparse                      … OK  (6 track(s))
  104/normal_medium_traffic                     … OK  (12 track(s))
  104/normal_stop_and_go                        … OK  (11 track(s))
  105/normal_fast_legal                         … OK  (8 track(s))
  105/normal_heavy_traffic                      … OK  (13 track(s))
  105/normal_heavy_traffic_sparse               … OK  (15 track(s))
  105/normal_heavy_vehicles                     … OK  (2 track(s))
  105/normal_heavy_vehicles_das_only            … OK  (5 track(s))
  105/normal_light_traffic                      … OK  (3 track(s))
  105/normal_medium_das_cam_only                … OK  (10 track(s))
  105/normal_medium_das_only                    … OK  (9 track(s))
  105/normal_medium_minimal                     … OK  (6 track(s))
  105/normal_medium_sparse                      … OK  (4 track(s))
  105/normal_medium_traffic                     … OK  (11 track(s))
  105/normal_stop_and_go                        … OK  (7 track(s))
  106/normal_fast_legal                         … OK  (5 track(s))
  106/normal_heavy_traffic                      … OK  (19 track(s))
  106/normal_heavy_traffic_sparse               … OK  (16 track(s))
  106/normal_heavy_vehicles                     … OK  (4 track(s))
  106/normal_heavy_vehicles_das_only            … OK  (3 track(s))
  106/normal_light_traffic                      … OK  (5 track(s))
  106/normal_medium_das_cam_only                … OK  (9 track(s))
  106/normal_medium_das_only                    … OK  (8 track(s))
  106/normal_medium_minimal                     … OK  (10 track(s))
  106/normal_medium_sparse                      … OK  (10 track(s))
  106/normal_medium_traffic                     … OK  (7 track(s))
  106/normal_stop_and_go                        … OK  (11 track(s))
  107/normal_fast_legal                         … OK  (8 track(s))
  107/normal_heavy_traffic                      … OK  (15 track(s))
  107/normal_heavy_traffic_sparse               … OK  (14 track(s))
  107/normal_heavy_vehicles                     … OK  (5 track(s))
  107/normal_heavy_vehicles_das_only            … OK  (6 track(s))
  107/normal_light_traffic                      … OK  (5 track(s))
  107/normal_medium_das_cam_only                … OK  (11 track(s))
  107/normal_medium_das_only                    … OK  (10 track(s))
  107/normal_medium_minimal                     … OK  (10 track(s))
  107/normal_medium_sparse                      … OK  (11 track(s))
  107/normal_medium_traffic                     … OK  (5 track(s))
  107/normal_stop_and_go                        … OK  (8 track(s))
  108/normal_fast_legal                         … OK  (5 track(s))
  108/normal_heavy_traffic                      … OK  (12 track(s))
  108/normal_heavy_traffic_sparse               … OK  (11 track(s))
  108/normal_heavy_vehicles                     … OK  (4 track(s))
  108/normal_heavy_vehicles_das_only            … OK  (6 track(s))
  108/normal_light_traffic                      … OK  (3 track(s))
  108/normal_medium_das_cam_only                … OK  (6 track(s))
  108/normal_medium_das_only                    … OK  (10 track(s))
  108/normal_medium_minimal                     … OK  (7 track(s))
  108/normal_medium_sparse                      … OK  (7 track(s))
  108/normal_medium_traffic                     … OK  (6 track(s))
  108/normal_stop_and_go                        … OK  (7 track(s))
  109/normal_fast_legal                         … OK  (9 track(s))
  109/normal_heavy_traffic                      … OK  (15 track(s))
  109/normal_heavy_traffic_sparse               … OK  (10 track(s))
  109/normal_heavy_vehicles                     … OK  (4 track(s))
  109/normal_heavy_vehicles_das_only            … OK  (5 track(s))
  109/normal_light_traffic                      … OK  (3 track(s))
  109/normal_medium_das_cam_only                … OK  (11 track(s))
  109/normal_medium_das_only                    … OK  (6 track(s))
  109/normal_medium_minimal                     … OK  (6 track(s))
  109/normal_medium_sparse                      … OK  (11 track(s))
  109/normal_medium_traffic                     … OK  (7 track(s))
  109/normal_stop_and_go                        … OK  (9 track(s))
  110/normal_fast_legal                         … OK  (7 track(s))
  110/normal_heavy_traffic                      … OK  (13 track(s))
  110/normal_heavy_traffic_sparse               … OK  (13 track(s))
  110/normal_heavy_vehicles                     … OK  (5 track(s))
  110/normal_heavy_vehicles_das_only            … OK  (3 track(s))
  110/normal_light_traffic                      … OK  (2 track(s))
  110/normal_medium_das_cam_only                … OK  (7 track(s))
  110/normal_medium_das_only                    … OK  (7 track(s))
  110/normal_medium_minimal                     … OK  (6 track(s))
  110/normal_medium_sparse                      … OK  (9 track(s))
  110/normal_medium_traffic                     … OK  (8 track(s))
  110/normal_stop_and_go                        … OK  (7 track(s))
  111/normal_fast_legal                         … OK  (4 track(s))
  111/normal_heavy_traffic                      … OK  (12 track(s))
  111/normal_heavy_traffic_sparse               … OK  (15 track(s))
  111/normal_heavy_vehicles                     … OK  (3 track(s))
  111/normal_heavy_vehicles_das_only            … OK  (3 track(s))
  111/normal_light_traffic                      … OK  (5 track(s))
  111/normal_medium_das_cam_only                … OK  (7 track(s))
  111/normal_medium_das_only                    … OK  (5 track(s))
  111/normal_medium_minimal                     … OK  (9 track(s))
  111/normal_medium_sparse                      … OK  (9 track(s))
  111/normal_medium_traffic                     … OK  (8 track(s))
  111/normal_stop_and_go                        … OK  (11 track(s))
  112/normal_fast_legal                         … OK  (5 track(s))
  112/normal_heavy_traffic                      … OK  (14 track(s))
  112/normal_heavy_traffic_sparse               … OK  (10 track(s))
  112/normal_heavy_vehicles                     … OK  (3 track(s))
  112/normal_heavy_vehicles_das_only            … OK  (6 track(s))
  112/normal_light_traffic                      … OK  (2 track(s))
  112/normal_medium_das_cam_only                … OK  (6 track(s))
  112/normal_medium_das_only                    … OK  (7 track(s))
  112/normal_medium_minimal                     … OK  (6 track(s))
  112/normal_medium_sparse                      … OK  (4 track(s))
  112/normal_medium_traffic                     … OK  (7 track(s))
  112/normal_stop_and_go                        … OK  (7 track(s))

============================================================
Extraction complete:  228/228 succeeded,  0 failed  (0 skipped / already done)
Wall time: 1564.3 s

Output    : /Users/noasapir/final proj/anomaly_model/outputs/features_normal_b6.csv
Rows      : 1792  (1792 normal, 0 anomaly tracks)
Features  : 170 columns (incl. identifiers + label)
============================================================


SimStudio — Feature Excel Builder
  Input  : /Users/noasapir/final proj/anomaly_model/outputs/features_normal_b6.csv
  Output : /Users/noasapir/final proj/anomaly_model/outputs/features_normal_b6.xlsx
  Reading CSV … 1792 rows × 170 columns
  Building Features sheet … done
  Building Summary sheet … done
  Building Feature Catalog sheet … done

  ✓  Saved: /Users/noasapir/final proj/anomaly_model/outputs/features_normal_b6.xlsx
     Catalog entries : 170 known + 0 unlabelled
