
SimStudio Anomaly Model — Feature Extraction
Maps root : /Users/noasapir/final proj/maps/tiles_north_tlv_south
Tiles     : 19 tile(s) requested
Scenarios : 228 with completed exports found

  113/normal_fast_legal                         … OK  (6 track(s))
  113/normal_heavy_traffic                      … OK  (14 track(s))
  113/normal_heavy_traffic_sparse               … OK  (15 track(s))
  113/normal_heavy_vehicles                     … OK  (4 track(s))
  113/normal_heavy_vehicles_das_only            … OK  (3 track(s))
  113/normal_light_traffic                      … OK  (3 track(s))
  113/normal_medium_das_cam_only                … OK  (10 track(s))
  113/normal_medium_das_only                    … OK  (6 track(s))
  113/normal_medium_minimal                     … OK  (10 track(s))
  113/normal_medium_sparse                      … OK  (7 track(s))
  113/normal_medium_traffic                     … OK  (8 track(s))
  113/normal_stop_and_go                        … OK  (11 track(s))
  114/normal_fast_legal                         … OK  (8 track(s))
  114/normal_heavy_traffic                      … OK  (19 track(s))
  114/normal_heavy_traffic_sparse               … OK  (14 track(s))
  114/normal_heavy_vehicles                     … OK  (6 track(s))
  114/normal_heavy_vehicles_das_only            … OK  (4 track(s))
  114/normal_light_traffic                      … OK  (5 track(s))
  114/normal_medium_das_cam_only                … OK  (11 track(s))
  114/normal_medium_das_only                    … OK  (8 track(s))
  114/normal_medium_minimal                     … OK  (6 track(s))
  114/normal_medium_sparse                      … OK  (6 track(s))
  114/normal_medium_traffic                     … OK  (9 track(s))
  114/normal_stop_and_go                        … OK  (10 track(s))
  115/normal_fast_legal                         … OK  (9 track(s))
  115/normal_heavy_traffic                      … OK  (14 track(s))
  115/normal_heavy_traffic_sparse               … OK  (13 track(s))
  115/normal_heavy_vehicles                     … OK  (3 track(s))
  115/normal_heavy_vehicles_das_only            … OK  (2 track(s))
  115/normal_light_traffic                      … OK  (4 track(s))
  115/normal_medium_das_cam_only                … OK  (8 track(s))
  115/normal_medium_das_only                    … OK  (10 track(s))
  115/normal_medium_minimal                     … OK  (5 track(s))
  115/normal_medium_sparse                      … OK  (7 track(s))
  115/normal_medium_traffic                     … OK  (6 track(s))
  115/normal_stop_and_go                        … OK  (7 track(s))
  116/normal_fast_legal                         … OK  (9 track(s))
  116/normal_heavy_traffic                      … OK  (12 track(s))
  116/normal_heavy_traffic_sparse               … OK  (14 track(s))
  116/normal_heavy_vehicles                     … OK  (5 track(s))
  116/normal_heavy_vehicles_das_only            … OK  (3 track(s))
  116/normal_light_traffic                      … OK  (5 track(s))
  116/normal_medium_das_cam_only                … OK  (10 track(s))
  116/normal_medium_das_only                    … OK  (7 track(s))
  116/normal_medium_minimal                     … OK  (9 track(s))
  116/normal_medium_sparse                      … OK  (10 track(s))
  116/normal_medium_traffic                     … OK  (11 track(s))
  116/normal_stop_and_go                        … OK  (11 track(s))
  117/normal_fast_legal                         … OK  (6 track(s))
  117/normal_heavy_traffic                      … OK  (19 track(s))
  117/normal_heavy_traffic_sparse               … OK  (17 track(s))
  117/normal_heavy_vehicles                     … OK  (3 track(s))
  117/normal_heavy_vehicles_das_only            … OK  (5 track(s))
  117/normal_light_traffic                      … OK  (5 track(s))
  117/normal_medium_das_cam_only                … OK  (8 track(s))
  117/normal_medium_das_only                    … OK  (7 track(s))
  117/normal_medium_minimal                     … OK  (6 track(s))
  117/normal_medium_sparse                      … OK  (10 track(s))
  117/normal_medium_traffic                     … OK  (12 track(s))
  117/normal_stop_and_go                        … OK  (12 track(s))
  118/normal_fast_legal                         … OK  (5 track(s))
  118/normal_heavy_traffic                      … OK  (15 track(s))
  118/normal_heavy_traffic_sparse               … OK  (12 track(s))
  118/normal_heavy_vehicles                     … OK  (5 track(s))
  118/normal_heavy_vehicles_das_only            … OK  (5 track(s))
  118/normal_light_traffic                      … OK  (2 track(s))
  118/normal_medium_das_cam_only                … OK  (9 track(s))
  118/normal_medium_das_only                    … OK  (11 track(s))
  118/normal_medium_minimal                     … OK  (7 track(s))
  118/normal_medium_sparse                      … OK  (8 track(s))
  118/normal_medium_traffic                     … OK  (7 track(s))
  118/normal_stop_and_go                        … OK  (10 track(s))
  119/normal_fast_legal                         … OK  (8 track(s))
  119/normal_heavy_traffic                      … OK  (17 track(s))
  119/normal_heavy_traffic_sparse               … OK  (13 track(s))
  119/normal_heavy_vehicles                     … OK  (5 track(s))
  119/normal_heavy_vehicles_das_only            … OK  (4 track(s))
  119/normal_light_traffic                      … OK  (2 track(s))
  119/normal_medium_das_cam_only                … OK  (6 track(s))
  119/normal_medium_das_only                    … OK  (12 track(s))
  119/normal_medium_minimal                     … OK  (6 track(s))
  119/normal_medium_sparse                      … OK  (7 track(s))
  119/normal_medium_traffic                     … OK  (9 track(s))
  119/normal_stop_and_go                        … OK  (8 track(s))
  120/normal_fast_legal                         … OK  (5 track(s))
  120/normal_heavy_traffic                      … OK  (12 track(s))
  120/normal_heavy_traffic_sparse               … OK  (15 track(s))
  120/normal_heavy_vehicles                     … OK  (6 track(s))
  120/normal_heavy_vehicles_das_only            … OK  (6 track(s))
  120/normal_light_traffic                      … OK  (5 track(s))
  120/normal_medium_das_cam_only                … OK  (6 track(s))
  120/normal_medium_das_only                    … OK  (5 track(s))
  120/normal_medium_minimal                     … OK  (10 track(s))
  120/normal_medium_sparse                      … OK  (7 track(s))
  120/normal_medium_traffic                     … OK  (5 track(s))
  120/normal_stop_and_go                        … OK  (9 track(s))
  121/normal_fast_legal                         … OK  (7 track(s))
  121/normal_heavy_traffic                      … OK  (14 track(s))
  121/normal_heavy_traffic_sparse               … OK  (17 track(s))
  121/normal_heavy_vehicles                     … OK  (4 track(s))
  121/normal_heavy_vehicles_das_only            … OK  (5 track(s))
  121/normal_light_traffic                      … OK  (2 track(s))
  121/normal_medium_das_cam_only                … OK  (6 track(s))
  121/normal_medium_das_only                    … OK  (10 track(s))
  121/normal_medium_minimal                     … OK  (6 track(s))
  121/normal_medium_sparse                      … OK  (8 track(s))
  121/normal_medium_traffic                     … OK  (10 track(s))
  121/normal_stop_and_go                        … OK  (6 track(s))
  122/normal_fast_legal                         … OK  (5 track(s))
  122/normal_heavy_traffic                      … OK  (13 track(s))
  122/normal_heavy_traffic_sparse               … OK  (16 track(s))
  122/normal_heavy_vehicles                     … OK  (3 track(s))
  122/normal_heavy_vehicles_das_only            … OK  (4 track(s))
  122/normal_light_traffic                      … OK  (3 track(s))
  122/normal_medium_das_cam_only                … OK  (6 track(s))
  122/normal_medium_das_only                    … OK  (8 track(s))
  122/normal_medium_minimal                     … OK  (7 track(s))
  122/normal_medium_sparse                      … OK  (7 track(s))
  122/normal_medium_traffic                     … OK  (7 track(s))
  122/normal_stop_and_go                        … OK  (8 track(s))
  123/normal_fast_legal                         … OK  (8 track(s))
  123/normal_heavy_traffic                      … OK  (10 track(s))
  123/normal_heavy_traffic_sparse               … OK  (16 track(s))
  123/normal_heavy_vehicles                     … OK  (3 track(s))
  123/normal_heavy_vehicles_das_only            … OK  (4 track(s))
  123/normal_light_traffic                      … OK  (3 track(s))
  123/normal_medium_das_cam_only                … OK  (8 track(s))
  123/normal_medium_das_only                    … OK  (9 track(s))
  123/normal_medium_minimal                     … OK  (9 track(s))
  123/normal_medium_sparse                      … OK  (8 track(s))
  123/normal_medium_traffic                     … OK  (7 track(s))
  123/normal_stop_and_go                        … OK  (11 track(s))
  124/normal_fast_legal                         … OK  (7 track(s))
  124/normal_heavy_traffic                      … OK  (14 track(s))
  124/normal_heavy_traffic_sparse               … OK  (17 track(s))
  124/normal_heavy_vehicles                     … OK  (4 track(s))
  124/normal_heavy_vehicles_das_only            … OK  (4 track(s))
  124/normal_light_traffic                      … OK  (6 track(s))
  124/normal_medium_das_cam_only                … OK  (6 track(s))
  124/normal_medium_das_only                    … OK  (12 track(s))
  124/normal_medium_minimal                     … OK  (7 track(s))
  124/normal_medium_sparse                      … OK  (7 track(s))
  124/normal_medium_traffic                     … OK  (9 track(s))
  124/normal_stop_and_go                        … OK  (12 track(s))
  125/normal_fast_legal                         … OK  (6 track(s))
  125/normal_heavy_traffic                      … OK  (13 track(s))
  125/normal_heavy_traffic_sparse               … OK  (16 track(s))
  125/normal_heavy_vehicles                     … OK  (3 track(s))
  125/normal_heavy_vehicles_das_only            … OK  (3 track(s))
  125/normal_light_traffic                      … OK  (4 track(s))
  125/normal_medium_das_cam_only                … OK  (10 track(s))
  125/normal_medium_das_only                    … OK  (7 track(s))
  125/normal_medium_minimal                     … OK  (10 track(s))
  125/normal_medium_sparse                      … OK  (7 track(s))
  125/normal_medium_traffic                     … OK  (7 track(s))
  125/normal_stop_and_go                        … OK  (8 track(s))
  126/normal_fast_legal                         … OK  (9 track(s))
  126/normal_heavy_traffic                      … OK  (13 track(s))
  126/normal_heavy_traffic_sparse               … OK  (17 track(s))
  126/normal_heavy_vehicles                     … OK  (3 track(s))
  126/normal_heavy_vehicles_das_only            … OK  (4 track(s))
  126/normal_light_traffic                      … OK  (2 track(s))
  126/normal_medium_das_cam_only                … OK  (7 track(s))
  126/normal_medium_das_only                    … OK  (10 track(s))
  126/normal_medium_minimal                     … OK  (5 track(s))
  126/normal_medium_sparse                      … OK  (7 track(s))
  126/normal_medium_traffic                     … OK  (6 track(s))
  126/normal_stop_and_go                        … OK  (9 track(s))
  127/normal_fast_legal                         … OK  (8 track(s))
  127/normal_heavy_traffic                      … OK  (18 track(s))
  127/normal_heavy_traffic_sparse               … OK  (14 track(s))
  127/normal_heavy_vehicles                     … OK  (4 track(s))
  127/normal_heavy_vehicles_das_only            … OK  (3 track(s))
  127/normal_light_traffic                      … OK  (3 track(s))
  127/normal_medium_das_cam_only                … OK  (12 track(s))
  127/normal_medium_das_only                    … OK  (6 track(s))
  127/normal_medium_minimal                     … OK  (7 track(s))
  127/normal_medium_sparse                      … OK  (6 track(s))
  127/normal_medium_traffic                     … OK  (11 track(s))
  127/normal_stop_and_go                        … OK  (8 track(s))
  128/normal_fast_legal                         … OK  (6 track(s))
  128/normal_heavy_traffic                      … OK  (14 track(s))
  128/normal_heavy_traffic_sparse               … OK  (13 track(s))
  128/normal_heavy_vehicles                     … OK  (6 track(s))
  128/normal_heavy_vehicles_das_only            … OK  (6 track(s))
  128/normal_light_traffic                      … OK  (5 track(s))
  128/normal_medium_das_cam_only                … OK  (8 track(s))
  128/normal_medium_das_only                    … OK  (10 track(s))
  128/normal_medium_minimal                     … OK  (8 track(s))
  128/normal_medium_sparse                      … OK  (10 track(s))
  128/normal_medium_traffic                     … OK  (8 track(s))
  128/normal_stop_and_go                        … OK  (11 track(s))
  129/normal_fast_legal                         … OK  (10 track(s))
  129/normal_heavy_traffic                      … OK  (16 track(s))
  129/normal_heavy_traffic_sparse               … OK  (16 track(s))
  129/normal_heavy_vehicles                     … OK  (2 track(s))
  129/normal_heavy_vehicles_das_only            … OK  (4 track(s))
  129/normal_light_traffic                      … OK  (4 track(s))
  129/normal_medium_das_cam_only                … OK  (4 track(s))
  129/normal_medium_das_only                    … OK  (9 track(s))
  129/normal_medium_minimal                     … OK  (6 track(s))
  129/normal_medium_sparse                      … OK  (7 track(s))
  129/normal_medium_traffic                     … OK  (9 track(s))
  129/normal_stop_and_go                        … OK  (8 track(s))
  130/normal_fast_legal                         … OK  (5 track(s))
  130/normal_heavy_traffic                      … OK  (13 track(s))
  130/normal_heavy_traffic_sparse               … OK  (16 track(s))
  130/normal_heavy_vehicles                     … OK  (3 track(s))
  130/normal_heavy_vehicles_das_only            … OK  (5 track(s))
  130/normal_light_traffic                      … OK  (2 track(s))
  130/normal_medium_das_cam_only                … OK  (6 track(s))
  130/normal_medium_das_only                    … OK  (11 track(s))
  130/normal_medium_minimal                     … OK  (11 track(s))
  130/normal_medium_sparse                      … OK  (6 track(s))
  130/normal_medium_traffic                     … OK  (8 track(s))
  130/normal_stop_and_go                        … OK  (12 track(s))
  131/normal_fast_legal                         … OK  (9 track(s))
  131/normal_heavy_traffic                      … OK  (12 track(s))
  131/normal_heavy_traffic_sparse               … OK  (16 track(s))
  131/normal_heavy_vehicles                     … OK  (5 track(s))
  131/normal_heavy_vehicles_das_only            … OK  (4 track(s))
  131/normal_light_traffic                      … OK  (2 track(s))
  131/normal_medium_das_cam_only                … OK  (6 track(s))
  131/normal_medium_das_only                    … OK  (10 track(s))
  131/normal_medium_minimal                     … OK  (6 track(s))
  131/normal_medium_sparse                      … OK  (6 track(s))
  131/normal_medium_traffic                     … OK  (6 track(s))
  131/normal_stop_and_go                        … OK  (7 track(s))

============================================================
Extraction complete:  228/228 succeeded,  0 failed  (0 skipped / already done)
Wall time: 1529.2 s

Output    : /Users/noasapir/final proj/anomaly_model/outputs/features_normal_b7.csv
Rows      : 1847  (1847 normal, 0 anomaly tracks)
Features  : 170 columns (incl. identifiers + label)
============================================================


SimStudio — Feature Excel Builder
  Input  : /Users/noasapir/final proj/anomaly_model/outputs/features_normal_b7.csv
  Output : /Users/noasapir/final proj/anomaly_model/outputs/features_normal_b7.xlsx
  Reading CSV … 1847 rows × 170 columns
  Building Features sheet … done
  Building Summary sheet … done
  Building Feature Catalog sheet … done

  ✓  Saved: /Users/noasapir/final proj/anomaly_model/outputs/features_normal_b7.xlsx
     Catalog entries : 170 known + 0 unlabelled
