
SimStudio Anomaly Model — Feature Extraction
Maps root : /Users/noasapir/final proj/maps/tiles_north_tlv_south
Tiles     : 17 tile(s) requested
Scenarios : 204 with completed exports found

  132/normal_fast_legal                         … OK  (6 track(s))
  132/normal_heavy_traffic                      … OK  (17 track(s))
  132/normal_heavy_traffic_sparse               … OK  (13 track(s))
  132/normal_heavy_vehicles                     … OK  (4 track(s))
  132/normal_heavy_vehicles_das_only            … OK  (4 track(s))
  132/normal_light_traffic                      … OK  (5 track(s))
  132/normal_medium_das_cam_only                … OK  (9 track(s))
  132/normal_medium_das_only                    … OK  (10 track(s))
  132/normal_medium_minimal                     … OK  (8 track(s))
  132/normal_medium_sparse                      … OK  (7 track(s))
  132/normal_medium_traffic                     … OK  (7 track(s))
  132/normal_stop_and_go                        … OK  (11 track(s))
  133/normal_fast_legal                         … OK  (5 track(s))
  133/normal_heavy_traffic                      … OK  (11 track(s))
  133/normal_heavy_traffic_sparse               … OK  (13 track(s))
  133/normal_heavy_vehicles                     … OK  (4 track(s))
  133/normal_heavy_vehicles_das_only            … OK  (5 track(s))
  133/normal_light_traffic                      … OK  (2 track(s))
  133/normal_medium_das_cam_only                … OK  (9 track(s))
  133/normal_medium_das_only                    … OK  (4 track(s))
  133/normal_medium_minimal                     … OK  (6 track(s))
  133/normal_medium_sparse                      … OK  (6 track(s))
  133/normal_medium_traffic                     … OK  (10 track(s))
  133/normal_stop_and_go                        … OK  (10 track(s))
  134/normal_fast_legal                         … OK  (10 track(s))
  134/normal_heavy_traffic                      … OK  (15 track(s))
  134/normal_heavy_traffic_sparse               … OK  (12 track(s))
  134/normal_heavy_vehicles                     … OK  (5 track(s))
  134/normal_heavy_vehicles_das_only            … OK  (5 track(s))
  134/normal_light_traffic                      … OK  (4 track(s))
  134/normal_medium_das_cam_only                … OK  (7 track(s))
  134/normal_medium_das_only                    … OK  (8 track(s))
  134/normal_medium_minimal                     … OK  (5 track(s))
  134/normal_medium_sparse                      … OK  (6 track(s))
  134/normal_medium_traffic                     … OK  (11 track(s))
  134/normal_stop_and_go                        … OK  (6 track(s))
  135/normal_fast_legal                         … OK  (8 track(s))
  135/normal_heavy_traffic                      … OK  (15 track(s))
  135/normal_heavy_traffic_sparse               … OK  (17 track(s))
  135/normal_heavy_vehicles                     … OK  (3 track(s))
  135/normal_heavy_vehicles_das_only            … OK  (5 track(s))
  135/normal_light_traffic                      … OK  (2 track(s))
  135/normal_medium_das_cam_only                … OK  (4 track(s))
  135/normal_medium_das_only                    … OK  (7 track(s))
  135/normal_medium_minimal                     … OK  (9 track(s))
  135/normal_medium_sparse                      … OK  (6 track(s))
  135/normal_medium_traffic                     … OK  (9 track(s))
  135/normal_stop_and_go                        … OK  (10 track(s))
  136/normal_fast_legal                         … OK  (7 track(s))
  136/normal_heavy_traffic                      … OK  (13 track(s))
  136/normal_heavy_traffic_sparse               … OK  (14 track(s))
  136/normal_heavy_vehicles                     … OK  (6 track(s))
  136/normal_heavy_vehicles_das_only            … OK  (3 track(s))
  136/normal_light_traffic                      … OK  (4 track(s))
  136/normal_medium_das_cam_only                … OK  (9 track(s))
  136/normal_medium_das_only                    … OK  (7 track(s))
  136/normal_medium_minimal                     … OK  (7 track(s))
  136/normal_medium_sparse                      … OK  (9 track(s))
  136/normal_medium_traffic                     … OK  (7 track(s))
  136/normal_stop_and_go                        … OK  (9 track(s))
  137/normal_fast_legal                         … OK  (6 track(s))
  137/normal_heavy_traffic                      … OK  (13 track(s))
  137/normal_heavy_traffic_sparse               … OK  (12 track(s))
  137/normal_heavy_vehicles                     … OK  (3 track(s))
  137/normal_heavy_vehicles_das_only            … OK  (4 track(s))
  137/normal_light_traffic                      … OK  (3 track(s))
  137/normal_medium_das_cam_only                … OK  (8 track(s))
  137/normal_medium_das_only                    … OK  (5 track(s))
  137/normal_medium_minimal                     … OK  (5 track(s))
  137/normal_medium_sparse                      … OK  (7 track(s))
  137/normal_medium_traffic                     … OK  (10 track(s))
  137/normal_stop_and_go                        … OK  (12 track(s))
  138/normal_fast_legal                         … OK  (9 track(s))
  138/normal_heavy_traffic                      … OK  (17 track(s))
  138/normal_heavy_traffic_sparse               … OK  (18 track(s))
  138/normal_heavy_vehicles                     … OK  (6 track(s))
  138/normal_heavy_vehicles_das_only            … OK  (6 track(s))
  138/normal_light_traffic                      … OK  (5 track(s))
  138/normal_medium_das_cam_only                … OK  (5 track(s))
  138/normal_medium_das_only                    … OK  (6 track(s))
  138/normal_medium_minimal                     … OK  (12 track(s))
  138/normal_medium_sparse                      … OK  (11 track(s))
  138/normal_medium_traffic                     … OK  (12 track(s))
  138/normal_stop_and_go                        … OK  (12 track(s))
  139/normal_fast_legal                         … OK  (11 track(s))
  139/normal_heavy_traffic                      … OK  (14 track(s))
  139/normal_heavy_traffic_sparse               … OK  (13 track(s))
  139/normal_heavy_vehicles                     … OK  (3 track(s))
  139/normal_heavy_vehicles_das_only            … OK  (5 track(s))
  139/normal_light_traffic                      … OK  (2 track(s))
  139/normal_medium_das_cam_only                … OK  (11 track(s))
  139/normal_medium_das_only                    … OK  (10 track(s))
  139/normal_medium_minimal                     … OK  (6 track(s))
  139/normal_medium_sparse                      … OK  (8 track(s))
  139/normal_medium_traffic                     … OK  (11 track(s))
  139/normal_stop_and_go                        … OK  (9 track(s))
  140/normal_fast_legal                         … OK  (7 track(s))
  140/normal_heavy_traffic                      … OK  (16 track(s))
  140/normal_heavy_traffic_sparse               … OK  (13 track(s))
  140/normal_heavy_vehicles                     … OK  (5 track(s))
  140/normal_heavy_vehicles_das_only            … OK  (3 track(s))
  140/normal_light_traffic                      … OK  (3 track(s))
  140/normal_medium_das_cam_only                … OK  (6 track(s))
  140/normal_medium_das_only                    … OK  (8 track(s))
  140/normal_medium_minimal                     … OK  (3 track(s))
  140/normal_medium_sparse                      … OK  (9 track(s))
  140/normal_medium_traffic                     … OK  (5 track(s))
  140/normal_stop_and_go                        … OK  (12 track(s))
  141/normal_fast_legal                         … OK  (5 track(s))
  141/normal_heavy_traffic                      … OK  (13 track(s))
  141/normal_heavy_traffic_sparse               … OK  (15 track(s))
  141/normal_heavy_vehicles                     … OK  (6 track(s))
  141/normal_heavy_vehicles_das_only            … OK  (6 track(s))
  141/normal_light_traffic                      … OK  (2 track(s))
  141/normal_medium_das_cam_only                … OK  (11 track(s))
  141/normal_medium_das_only                    … OK  (6 track(s))
  141/normal_medium_minimal                     … OK  (9 track(s))
  141/normal_medium_sparse                      … OK  (7 track(s))
  141/normal_medium_traffic                     … OK  (7 track(s))
  141/normal_stop_and_go                        … OK  (8 track(s))
  142/normal_fast_legal                         … OK  (4 track(s))
  142/normal_heavy_traffic                      … OK  (12 track(s))
  142/normal_heavy_traffic_sparse               … OK  (16 track(s))
  142/normal_heavy_vehicles                     … OK  (5 track(s))
  142/normal_heavy_vehicles_das_only            … OK  (3 track(s))
  142/normal_light_traffic                      … OK  (5 track(s))
  142/normal_medium_das_cam_only                … OK  (10 track(s))
  142/normal_medium_das_only                    … OK  (10 track(s))
  142/normal_medium_minimal                     … OK  (11 track(s))
  142/normal_medium_sparse                      … OK  (10 track(s))
  142/normal_medium_traffic                     … OK  (8 track(s))
  142/normal_stop_and_go                        … OK  (11 track(s))
  143/normal_fast_legal                         … OK  (9 track(s))
  143/normal_heavy_traffic                      … OK  (13 track(s))
  143/normal_heavy_traffic_sparse               … OK  (15 track(s))
  143/normal_heavy_vehicles                     … OK  (4 track(s))
  143/normal_heavy_vehicles_das_only            … OK  (4 track(s))
  143/normal_light_traffic                      … OK  (3 track(s))
  143/normal_medium_das_cam_only                … OK  (6 track(s))
  143/normal_medium_das_only                    … OK  (12 track(s))
  143/normal_medium_minimal                     … OK  (10 track(s))
  143/normal_medium_sparse                      … OK  (7 track(s))
  143/normal_medium_traffic                     … OK  (6 track(s))
  143/normal_stop_and_go                        … OK  (10 track(s))
  144/normal_fast_legal                         … OK  (8 track(s))
  144/normal_heavy_traffic                      … OK  (13 track(s))
  144/normal_heavy_traffic_sparse               … OK  (17 track(s))
  144/normal_heavy_vehicles                     … OK  (3 track(s))
  144/normal_heavy_vehicles_das_only            … OK  (3 track(s))
  144/normal_light_traffic                      … OK  (2 track(s))
  144/normal_medium_das_cam_only                … OK  (7 track(s))
  144/normal_medium_das_only                    … OK  (9 track(s))
  144/normal_medium_minimal                     … OK  (6 track(s))
  144/normal_medium_sparse                      … OK  (6 track(s))
  144/normal_medium_traffic                     … OK  (8 track(s))
  144/normal_stop_and_go                        … OK  (6 track(s))
  145/normal_fast_legal                         … OK  (8 track(s))
  145/normal_heavy_traffic                      … OK  (13 track(s))
  145/normal_heavy_traffic_sparse               … OK  (15 track(s))
  145/normal_heavy_vehicles                     … OK  (6 track(s))
  145/normal_heavy_vehicles_das_only            … OK  (3 track(s))
  145/normal_light_traffic                      … OK  (2 track(s))
  145/normal_medium_das_cam_only                … OK  (8 track(s))
  145/normal_medium_das_only                    … OK  (6 track(s))
  145/normal_medium_minimal                     … OK  (8 track(s))
  145/normal_medium_sparse                      … OK  (8 track(s))
  145/normal_medium_traffic                     … OK  (9 track(s))
  145/normal_stop_and_go                        … OK  (8 track(s))
  146/normal_fast_legal                         … OK  (8 track(s))
  146/normal_heavy_traffic                      … OK  (12 track(s))
  146/normal_heavy_traffic_sparse               … OK  (14 track(s))
  146/normal_heavy_vehicles                     … OK  (5 track(s))
  146/normal_heavy_vehicles_das_only            … OK  (3 track(s))
  146/normal_light_traffic                      … OK  (3 track(s))
  146/normal_medium_das_cam_only                … OK  (5 track(s))
  146/normal_medium_das_only                    … OK  (6 track(s))
  146/normal_medium_minimal                     … OK  (3 track(s))
  146/normal_medium_sparse                      … OK  (4 track(s))
  146/normal_medium_traffic                     … OK  (4 track(s))
  146/normal_stop_and_go                        … OK  (6 track(s))
  147/normal_fast_legal                         … OK  (4 track(s))
  147/normal_heavy_traffic                      … OK  (15 track(s))
  147/normal_heavy_traffic_sparse               … OK  (11 track(s))
  147/normal_heavy_vehicles                     … OK  (3 track(s))
  147/normal_heavy_vehicles_das_only            … OK  (3 track(s))
  147/normal_light_traffic                      … OK  (2 track(s))
  147/normal_medium_das_cam_only                … OK  (9 track(s))
  147/normal_medium_das_only                    … OK  (5 track(s))
  147/normal_medium_minimal                     … OK  (9 track(s))
  147/normal_medium_sparse                      … OK  (4 track(s))
  147/normal_medium_traffic                     … OK  (9 track(s))
  147/normal_stop_and_go                        … OK  (9 track(s))
  148/normal_fast_legal                         … OK  (6 track(s))
  148/normal_heavy_traffic                      … OK  (15 track(s))
  148/normal_heavy_traffic_sparse               … OK  (12 track(s))
  148/normal_heavy_vehicles                     … OK  (4 track(s))
  148/normal_heavy_vehicles_das_only            … OK  (4 track(s))
  148/normal_light_traffic                      … OK  (3 track(s))
  148/normal_medium_das_cam_only                … OK  (12 track(s))
  148/normal_medium_das_only                    … OK  (9 track(s))
  148/normal_medium_minimal                     … OK  (10 track(s))
  148/normal_medium_sparse                      … OK  (5 track(s))
  148/normal_medium_traffic                     … OK  (9 track(s))
  148/normal_stop_and_go                        … OK  (12 track(s))

============================================================
Extraction complete:  204/204 succeeded,  0 failed  (0 skipped / already done)
Wall time: 1095.9 s

Output    : /Users/noasapir/final proj/anomaly_model/outputs/features_normal_b8.csv
Rows      : 1608  (1608 normal, 0 anomaly tracks)
Features  : 170 columns (incl. identifiers + label)
============================================================


SimStudio — Feature Excel Builder
  Input  : /Users/noasapir/final proj/anomaly_model/outputs/features_normal_b8.csv
  Output : /Users/noasapir/final proj/anomaly_model/outputs/features_normal_b8.xlsx
  Reading CSV … 1608 rows × 170 columns
  Building Features sheet … done
  Building Summary sheet … done
  Building Feature Catalog sheet … done

  ✓  Saved: /Users/noasapir/final proj/anomaly_model/outputs/features_normal_b8.xlsx
     Catalog entries : 170 known + 0 unlabelled
